Archive member included to satisfy reference by file (symbol)

/Applications/STM32CubeIDE.app/Contents/Eclipse/plugins/com.st.stm32cube.ide.mcu.externaltools.gnu-tools-for-stm32.12.3.rel1.macos64_1.0.100.202403111906/tools/bin/../lib/gcc/arm-none-eabi/12.3.1/../../../../arm-none-eabi/lib/thumb/v7-m/nofp/libc_nano.a(libc_a-exit.o)
                              /Applications/STM32CubeIDE.app/Contents/Eclipse/plugins/com.st.stm32cube.ide.mcu.externaltools.gnu-tools-for-stm32.12.3.rel1.macos64_1.0.100.202403111906/tools/bin/../lib/gcc/arm-none-eabi/12.3.1/../../../../arm-none-eabi/lib/thumb/v7-m/nofp/crt0.o (exit)
/Applications/STM32CubeIDE.app/Contents/Eclipse/plugins/com.st.stm32cube.ide.mcu.externaltools.gnu-tools-for-stm32.12.3.rel1.macos64_1.0.100.202403111906/tools/bin/../lib/gcc/arm-none-eabi/12.3.1/../../../../arm-none-eabi/lib/thumb/v7-m/nofp/libc_nano.a(libc_a-snprintf.o)
                              ./Core/Src/ESP8266.o (snprintf)
/Applications/STM32CubeIDE.app/Contents/Eclipse/plugins/com.st.stm32cube.ide.mcu.externaltools.gnu-tools-for-stm32.12.3.rel1.macos64_1.0.100.202403111906/tools/bin/../lib/gcc/arm-none-eabi/12.3.1/../../../../arm-none-eabi/lib/thumb/v7-m/nofp/libc_nano.a(libc_a-findfp.o)
                              /Applications/STM32CubeIDE.app/Contents/Eclipse/plugins/com.st.stm32cube.ide.mcu.externaltools.gnu-tools-for-stm32.12.3.rel1.macos64_1.0.100.202403111906/tools/bin/../lib/gcc/arm-none-eabi/12.3.1/../../../../arm-none-eabi/lib/thumb/v7-m/nofp/libc_nano.a(libc_a-exit.o) (__stdio_exit_handler)
/Applications/STM32CubeIDE.app/Contents/Eclipse/plugins/com.st.stm32cube.ide.mcu.externaltools.gnu-tools-for-stm32.12.3.rel1.macos64_1.0.100.202403111906/tools/bin/../lib/gcc/arm-none-eabi/12.3.1/../../../../arm-none-eabi/lib/thumb/v7-m/nofp/libc_nano.a(libc_a-fwalk.o)
                              /Applications/STM32CubeIDE.app/Contents/Eclipse/plugins/com.st.stm32cube.ide.mcu.externaltools.gnu-tools-for-stm32.12.3.rel1.macos64_1.0.100.202403111906/tools/bin/../lib/gcc/arm-none-eabi/12.3.1/../../../../arm-none-eabi/lib/thumb/v7-m/nofp/libc_nano.a(libc_a-findfp.o) (_fwalk_sglue)
/Applications/STM32CubeIDE.app/Contents/Eclipse/plugins/com.st.stm32cube.ide.mcu.externaltools.gnu-tools-for-stm32.12.3.rel1.macos64_1.0.100.202403111906/tools/bin/../lib/gcc/arm-none-eabi/12.3.1/../../../../arm-none-eabi/lib/thumb/v7-m/nofp/libc_nano.a(libc_a-strstr.o)
                              ./Core/Src/OTA.o (strstr)
/Applications/STM32CubeIDE.app/Contents/Eclipse/plugins/com.st.stm32cube.ide.mcu.externaltools.gnu-tools-for-stm32.12.3.rel1.macos64_1.0.100.202403111906/tools/bin/../lib/gcc/arm-none-eabi/12.3.1/../../../../arm-none-eabi/lib/thumb/v7-m/nofp/libc_nano.a(libc_a-memset.o)
                              /Applications/STM32CubeIDE.app/Contents/Eclipse/plugins/com.st.stm32cube.ide.mcu.externaltools.gnu-tools-for-stm32.12.3.rel1.macos64_1.0.100.202403111906/tools/bin/../lib/gcc/arm-none-eabi/12.3.1/../../../../arm-none-eabi/lib/thumb/v7-m/nofp/crt0.o (memset)
/Applications/STM32CubeIDE.app/Contents/Eclipse/plugins/com.st.stm32cube.ide.mcu.externaltools.gnu-tools-for-stm32.12.3.rel1.macos64_1.0.100.202403111906/tools/bin/../lib/gcc/arm-none-eabi/12.3.1/../../../../arm-none-eabi/lib/thumb/v7-m/nofp/libc_nano.a(libc_a-impure.o)
                              /Applications/STM32CubeIDE.app/Contents/Eclipse/plugins/com.st.stm32cube.ide.mcu.externaltools.gnu-tools-for-stm32.12.3.rel1.macos64_1.0.100.202403111906/tools/bin/../lib/gcc/arm-none-eabi/12.3.1/../../../../arm-none-eabi/lib/thumb/v7-m/nofp/libc_nano.a(libc_a-snprintf.o) (_impure_ptr)
/Applications/STM32CubeIDE.app/Contents/Eclipse/plugins/com.st.stm32cube.ide.mcu.externaltools.gnu-tools-for-stm32.12.3.rel1.macos64_1.0.100.202403111906/tools/bin/../lib/gcc/arm-none-eabi/12.3.1/../../../../arm-none-eabi/lib/thumb/v7-m/nofp/libc_nano.a(libc_a-errno.o)
                              ./Core/Src/syscalls.o (__errno)
/Applications/STM32CubeIDE.app/Contents/Eclipse/plugins/com.st.stm32cube.ide.mcu.externaltools.gnu-tools-for-stm32.12.3.rel1.macos64_1.0.100.202403111906/tools/bin/../lib/gcc/arm-none-eabi/12.3.1/../../../../arm-none-eabi/lib/thumb/v7-m/nofp/libc_nano.a(libc_a-init.o)
                              /Applications/STM32CubeIDE.app/Contents/Eclipse/plugins/com.st.stm32cube.ide.mcu.externaltools.gnu-tools-for-stm32.12.3.rel1.macos64_1.0.100.202403111906/tools/bin/../lib/gcc/arm-none-eabi/12.3.1/../../../../arm-none-eabi/lib/thumb/v7-m/nofp/crt0.o (__libc_init_array)
/Applications/STM32CubeIDE.app/Contents/Eclipse/plugins/com.st.stm32cube.ide.mcu.externaltools.gnu-tools-for-stm32.12.3.rel1.macos64_1.0.100.202403111906/tools/bin/../lib/gcc/arm-none-eabi/12.3.1/../../../../arm-none-eabi/lib/thumb/v7-m/nofp/libc_nano.a(libc_a-lock.o)
[...]
Memory Configuration

Name             Origin             Length             Attributes
RAM              0x20000000         0x0000c000         xrw
FLASH_BOOT       0x08000000         0x00006000
FLASH_APP        0x08005000         0x0000a000
FLASH_UPDATE     0x08008000         0x00036000
*default*        0x00000000         0xffffffff

Linker script and memory map

LOAD /Applications/STM32CubeIDE.app/Contents/Eclipse/plugins/com.st.stm32cube.ide.mcu.externaltools.gnu-tools-for-stm32.12.3.rel1.macos64_1.0.100.202403111906/tools/bin/../lib/gcc/arm-none-eabi/12.3.1/thumb/v7-m/nofp/crti.o
LOAD /Applications/STM32CubeIDE.app/Contents/Eclipse/plugins/com.st.stm32cube.ide.mcu.externaltools.gnu-tools-for-stm32.12.3.rel1.macos64_1.0.100.202403111906/tools/bin/../lib/gcc/arm-none-eabi/12.3.1/thumb/v7-m/nofp/crtbegin.o
LOAD /Applications/STM32CubeIDE.app/Contents/Eclipse/plugins/com.st.stm32cube.ide.mcu.externaltools.gnu-tools-for-stm32.12.3.rel1.macos64_1.0.100.202403111906/tools/bin/../lib/gcc/arm-none-eabi/12.3.1/../../../../arm-none-eabi/lib/thumb/v7-m/nofp/crt0.o
LOAD ./Core/Src/CANBus.o
LOAD ./Core/Src/EEPROM.o
LOAD ./Core/Src/ESP8266.o
LOAD ./Core/Src/Globals.o
LOAD ./Core/Src/LCD.o
LOAD ./Core/Src/OTA.o
LOAD ./Core/Src/main.o
LOAD ./Core/Src/stm32f1xx_hal_msp.o
LOAD ./Core/Src/stm32f1xx_it.o
LOAD ./Core/Src/syscalls.o
LOAD ./Core/Src/sysmem.o
LOAD ./Core/Src/system_stm32f1xx.o
LOAD ./Core/Startup/startup_stm32f103rctx.o
LOAD ./Drivers/STM32F1xx_HAL_Driver/Src/stm32f1xx_hal.o
LOAD ./Drivers/STM32F1xx_HAL_Driver/Src/stm32f1xx_hal_can.o
LOAD ./Drivers/STM32F1xx_HAL_Driver/Src/stm32f1xx_hal_cortex.o
LOAD ./Drivers/STM32F1xx_HAL_Driver/Src/stm32f1xx_hal_dma.o
LOAD ./Drivers/STM32F1xx_HAL_Driver/Src/stm32f1xx_hal_exti.o
LOAD ./Drivers/STM32F1xx_HAL_Driver/Src/stm32f1xx_hal_flash.o
LOAD ./Drivers/STM32F1xx_HAL_Driver/Src/stm32f1xx_hal_flash_ex.o
LOAD ./Drivers/STM32F1xx_HAL_Driver/Src/stm32f1xx_hal_gpio.o
LOAD ./Drivers/STM32F1xx_HAL_Driver/Src/stm32f1xx_hal_gpio_ex.o
LOAD ./Drivers/STM32F1xx_HAL_Driver/Src/stm32f1xx_hal_i2c.o
LOAD ./Drivers/STM32F1xx_HAL_Driver/Src/stm32f1xx_hal_pwr.o
LOAD ./Drivers/STM32F1xx_HAL_Driver/Src/stm32f1xx_hal_rcc.o
LOAD ./Drivers/STM32F1xx_HAL_Driver/Src/stm32f1xx_hal_rcc_ex.o
LOAD ./Drivers/STM32F1xx_HAL_Driver/Src/stm32f1xx_hal_tim.o
LOAD ./Drivers/STM32F1xx_HAL_Driver/Src/stm32f1xx_hal_tim_ex.o
LOAD ./Drivers/STM32F1xx_HAL_Driver/Src/stm32f1xx_hal_uart.o
START GROUP
LOAD /Applications/STM32CubeIDE.app/Contents/Eclipse/plugins/com.st.stm32cube.ide.mcu.externaltools.gnu-tools-for-stm32.12.3.rel1.macos64_1.0.100.202403111906/tools/bin/../lib/gcc/arm-none-eabi/12.3.1/../../../../arm-none-eabi/lib/thumb/v7-m/nofp/libc_nano.a
LOAD /Applications/STM32CubeIDE.app/Contents/Eclipse/plugins/com.st.stm32cube.ide.mcu.externaltools.gnu-tools-for-stm32.12.3.rel1.macos64_1.0.100.202403111906/tools/bin/../lib/gcc/arm-none-eabi/12.3.1/../../../../arm-none-eabi/lib/thumb/v7-m/nofp/libm.a
END GROUP
START GROUP
LOAD /Applications/STM32CubeIDE.app/Contents/Eclipse/plugins/com.st.stm32cube.ide.mcu.externaltools.gnu-tools-for-stm32.12.3.rel1.macos64_1.0.100.202403111906/tools/bin/../lib/gcc/arm-none-eabi/12.3.1/thumb/v7-m/nofp/libgcc.a
LOAD /Applications/STM32CubeIDE.app/Contents/Eclipse/plugins/com.st.stm32cube.ide.mcu.externaltools.gnu-tools-for-stm32.12.3.rel1.macos64_1.0.100.202403111906/tools/bin/../lib/gcc/arm-none-eabi/12.3.1/../../../../arm-none-eabi/lib/thumb/v7-m/nofp/libc_nano.a
END GROUP
START GROUP
LOAD /Applications/STM32CubeIDE.app/Contents/Eclipse/plugins/com.st.stm32cube.ide.mcu.externaltools.gnu-tools-for-stm32.12.3.rel1.macos64_1.0.100.202403111906/tools/bin/../lib/gcc/arm-none-eabi/12.3.1/thumb/v7-m/nofp/libgcc.a
LOAD /Applications/STM32CubeIDE.app/Contents/Eclipse/plugins/com.st.stm32cube.ide.mcu.externaltools.gnu-tools-for-stm32.12.3.rel1.macos64_1.0.100.202403111906/tools/bin/../lib/gcc/arm-none-eabi/12.3.1/../../../../arm-none-eabi/lib/thumb/v7-m/nofp/libc_nano.a
LOAD /Applications/STM32CubeIDE.app/Contents/Eclipse/plugins/com.st.stm32cube.ide.mcu.externaltools.gnu-tools-for-stm32.12.3.rel1.macos64_1.0.100.202403111906/tools/bin/../lib/gcc/arm-none-eabi/12.3.1/../../../../arm-none-eabi/lib/thumb/v7-m/nofp/libnosys.a
END GROUP
START GROUP
LOAD /Applications/STM32CubeIDE.app/Contents/Eclipse/plugins/com.st.stm32cube.ide.mcu.externaltools.gnu-tools-for-stm32.12.3.rel1.macos64_1.0.100.202403111906/tools/bin/../lib/gcc/arm-none-eabi/12.3.1/thumb/v7-m/nofp/libgcc.a
LOAD /Applications/STM32CubeIDE.app/Contents/Eclipse/plugins/com.st.stm32cube.ide.mcu.externaltools.gnu-tools-for-stm32.12.3.rel1.macos64_1.0.100.202403111906/tools/bin/../lib/gcc/arm-none-eabi/12.3.1/../../../../arm-none-eabi/lib/thumb/v7-m/nofp/libc_nano.a
LOAD /Applications/STM32CubeIDE.app/Contents/Eclipse/plugins/com.st.stm32cube.ide.mcu.externaltools.gnu-tools-for-stm32.12.3.rel1.macos64_1.0.100.202403111906/tools/bin/../lib/gcc/arm-none-eabi/12.3.1/../../../../arm-none-eabi/lib/thumb/v7-m/nofp/libnosys.a
END GROUP
LOAD /Applications/STM32CubeIDE.app/Contents/Eclipse/plugins/com.st.stm32cube.ide.mcu.externaltools.gnu-tools-for-stm32.12.3.rel1.macos64_1.0.100.202403111906/tools/bin/../lib/gcc/arm-none-eabi/12.3.1/thumb/v7-m/nofp/crtend.o
LOAD /Applications/STM32CubeIDE.app/Contents/Eclipse/plugins/com.st.stm32cube.ide.mcu.externaltools.gnu-tools-for-stm32.12.3.rel1.macos64_1.0.100.202403111906/tools/bin/../lib/gcc/arm-none-eabi/12.3.1/thumb/v7-m/nofp/crtn.o
                0x2000c000                        _estack = (ORIGIN (RAM) + LENGTH (RAM))
                0x00000200                        _Min_Heap_Size = 0x200
                0x00000400                        _Min_Stack_Size = 0x400

.isr_vector     0x08000000      0x1e4
                0x08000000                        . = ALIGN (0x4)
 *(.isr_vector)
 .isr_vector    0x08000000      0x1e4 ./Core/Startup/startup_stm32f103rctx.o
                0x08000000                g_pfnVectors
                0x080001e4                        . = ALIGN (0x4)

.text           0x080001e4     0x4f48
                0x080001e4                        . = ALIGN (0x4)
 *(.text)
 .text          0x080001e4       0x40 /Applications/STM32CubeIDE.app/Contents/Eclipse/plugins/com.st.stm32cube.ide.mcu.externaltools.gnu-tools-for-stm32.12.3.rel1.macos64_1.0.100.202403111906/tools/bin/../lib/gcc/arm-none-eabi/12.3.1/thumb/v7-m/nofp/crtbegin.o
 .text          0x08000224       0x10 /Applications/STM32CubeIDE.app/Contents/Eclipse/plugins/com.st.stm32cube.ide.mcu.externaltools.gnu-tools-for-stm32.12.3.rel1.macos64_1.0.100.202403111906/tools/bin/../lib/gcc/arm-none-eabi/12.3.1/../../../../arm-none-eabi/lib/thumb/v7-m/nofp/libc_nano.a(libc_a-strlen.o)
                0x08000224                strlen
 *(.text*)
 .text.CANBus_Init
                0x08000234       0x24 ./Core/Src/CANBus.o
                0x08000234                CANBus_Init
 .text.EEPROM_Init
                0x08000258       0x26 ./Core/Src/EEPROM.o
                0x08000258                EEPROM_Init
 .text.EEPROM_Write
                0x0800027e       0x3c ./Core/Src/EEPROM.o
                0x0800027e                EEPROM_Write
 .text.EEPROM_SaveData
                0x080002ba       0x2a ./Core/Src/EEPROM.o
                0x080002ba                EEPROM_SaveData
 .text.ESP8266_Init
                0x080002e4       0x44 ./Core/Src/ESP8266.o
                0x080002e4                ESP8266_Init
 .text.ESP8266_SendCommand
                0x08000328       0x2e ./Core/Src/ESP8266.o
                0x08000328                ESP8266_SendCommand
 .text.ESP8266_ReceiveResponse
                0x08000356       0x28 ./Core/Src/ESP8266.o
                0x08000356                ESP8266_ReceiveResponse
 *fill*         0x0800037e        0x2 
 .text.lcd_send_cmd
                0x08000380       0xe0 ./Core/Src/LCD.o
                0x08000380                lcd_send_cmd
 .text.lcd_send_data
                0x08000460       0xe0 ./Core/Src/LCD.o
                0x08000460                lcd_send_data
 .text.lcd_send_string
                0x08000540       0x2a ./Core/Src/LCD.o
                0x08000540                lcd_send_string
 .text.lcd_init
                0x0800056a       0x26 ./Core/Src/LCD.o
                0x0800056a                lcd_init
 .text.lcd_gotoxy
                0x08000590       0x3e ./Core/Src/LCD.o
                0x08000590                lcd_gotoxy
 .text.lcd_print
                0x080005ce       0x2a ./Core/Src/LCD.o
                0x080005ce                lcd_print
 .text.lcd_clear
                0x080005f8       0x14 ./Core/Src/LCD.o
                0x080005f8                lcd_clear
 .text.lcd_clear_line
                0x0800060c       0x2c ./Core/Src/LCD.o
                0x0800060c                lcd_clear_line
 .text.lcd_line1
                0x08000638        0xe ./Core/Src/LCD.o
                0x08000638                lcd_line1
 .text.lcd_line2
                0x08000646        0xe ./Core/Src/LCD.o
                0x08000646                lcd_line2
 .text.lcd_backlight
                0x08000654       0x24 ./Core/Src/LCD.o
                0x08000654                lcd_backlight
 .text.OTA_FlashWrite
                0x08000678       0x52 ./Core/Src/OTA.o
                0x08000678                OTA_FlashWrite
 *fill*         0x080006ca        0x2 
 .text.OTA_CheckForUpdate
                0x080006cc      0x178 ./Core/Src/OTA.o
                0x080006cc                OTA_CheckForUpdate
 .text.Bootloader_JumpToApplication
                0x08000844       0x38 ./Core/Src/main.o
                0x08000844                Bootloader_JumpToApplication
 .text.Bootloader_Main
                0x0800087c       0x10 ./Core/Src/main.o
                0x0800087c                Bootloader_Main
 .text.main     0x0800088c       0x70 ./Core/Src/main.o
                0x0800088c                main
 .text.SystemClock_Config
                0x080008fc       0x8a ./Core/Src/main.o
                0x080008fc                SystemClock_Config
 *fill*         0x08000986        0x2 
 .text.MX_CAN_Init
                0x08000988       0x68 ./Core/Src/main.o
 .text.MX_I2C1_Init
                0x080009f0       0x58 ./Core/Src/main.o
 .text.MX_TIM1_Init
                0x08000a48       0xa4 ./Core/Src/main.o
 .text.MX_USART1_UART_Init
                0x08000aec       0x54 ./Core/Src/main.o
 .text.MX_GPIO_Init
                0x08000b40       0x5c ./Core/Src/main.o
 .text.Error_Handler
                0x08000b9c        0xc ./Core/Src/main.o
                0x08000b9c                Error_Handler
 .text.HAL_MspInit
                0x08000ba8       0x64 ./Core/Src/stm32f1xx_hal_msp.o
                0x08000ba8                HAL_MspInit
 .text.HAL_CAN_MspInit
                0x08000c0c       0x98 ./Core/Src/stm32f1xx_hal_msp.o
                0x08000c0c                HAL_CAN_MspInit
 .text.HAL_I2C_MspInit
                0x08000ca4       0x7c ./Core/Src/stm32f1xx_hal_msp.o
                0x08000ca4                HAL_I2C_MspInit
 .text.HAL_TIM_Base_MspInit
                0x08000d20       0x4c ./Core/Src/stm32f1xx_hal_msp.o
                0x08000d20                HAL_TIM_Base_MspInit
 .text.HAL_UART_MspInit
                0x08000d6c       0xa8 ./Core/Src/stm32f1xx_hal_msp.o
                0x08000d6c                HAL_UART_MspInit
 .text.NMI_Handler
                0x08000e14        0x8 ./Core/Src/stm32f1xx_it.o
                0x08000e14                NMI_Handler
 .text.HardFault_Handler
                0x08000e1c        0x8 ./Core/Src/stm32f1xx_it.o
                0x08000e1c                HardFault_Handler
 .text.MemManage_Handler
                0x08000e24        0x8 ./Core/Src/stm32f1xx_it.o
                0x08000e24                MemManage_Handler
 .text.BusFault_Handler
                0x08000e2c        0x8 ./Core/Src/stm32f1xx_it.o
                0x08000e2c                BusFault_Handler
 .text.UsageFault_Handler
                0x08000e34        0x8 ./Core/Src/stm32f1xx_it.o
                0x08000e34                UsageFault_Handler
 .text.SVC_Handler
                0x08000e3c        0xc ./Core/Src/stm32f1xx_it.o
                0x08000e3c                SVC_Handler
 .text.DebugMon_Handler
                0x08000e48        0xc ./Core/Src/stm32f1xx_it.o
                0x08000e48                DebugMon_Handler
 .text.PendSV_Handler
                0x08000e54        0xc ./Core/Src/stm32f1xx_it.o
                0x08000e54                PendSV_Handler
 .text.SysTick_Handler
                0x08000e60        0xc ./Core/Src/stm32f1xx_it.o
                0x08000e60                SysTick_Handler
 .text.TIM1_UP_IRQHandler
                0x08000e6c       0x14 ./Core/Src/stm32f1xx_it.o
                0x08000e6c                TIM1_UP_IRQHandler
 .text.USART1_IRQHandler
                0x08000e80       0x14 ./Core/Src/stm32f1xx_it.o
                0x08000e80                USART1_IRQHandler
 .text._sbrk    0x08000e94       0x6c ./Core/Src/sysmem.o
                0x08000e94                _sbrk
 .text.SystemInit
                0x08000f00        0xc ./Core/Src/system_stm32f1xx.o
                0x08000f00                SystemInit
 .text.Reset_Handler
                0x08000f0c       0x48 ./Core/Startup/startup_stm32f103rctx.o
                0x08000f0c                Reset_Handler
 .text.Default_Handler
                0x08000f54        0x2 ./Core/Startup/startup_stm32f103rctx.o
                0x08000f54                DMA2_Channel3_IRQHandler
                0x08000f54                EXTI2_IRQHandler
                0x08000f54                TIM8_TRG_COM_IRQHandler
                0x08000f54                TIM8_CC_IRQHandler
                0x08000f54                TIM1_CC_IRQHandler
                0x08000f54                TIM6_IRQHandler
                0x08000f54                PVD_IRQHandler
                0x08000f54                SDIO_IRQHandler
                0x08000f54                EXTI3_IRQHandler
                0x08000f54                EXTI0_IRQHandler
                0x08000f54                I2C2_EV_IRQHandler
                0x08000f54                ADC1_2_IRQHandler
                0x08000f54                SPI1_IRQHandler
                0x08000f54                TAMPER_IRQHandler
                0x08000f54                TIM8_UP_IRQHandler
                0x08000f54                DMA2_Channel2_IRQHandler
                0x08000f54                DMA1_Channel4_IRQHandler
                0x08000f54                USART3_IRQHandler
                0x08000f54                RTC_IRQHandler
                0x08000f54                DMA1_Channel7_IRQHandler
                0x08000f54                CAN1_RX1_IRQHandler
                0x08000f54                UART5_IRQHandler
                0x08000f54                ADC3_IRQHandler
                0x08000f54                TIM4_IRQHandler
                0x08000f54                DMA2_Channel1_IRQHandler
                0x08000f54                I2C1_EV_IRQHandler
                0x08000f54                DMA1_Channel6_IRQHandler
                0x08000f54                UART4_IRQHandler
                0x08000f54                TIM3_IRQHandler
                0x08000f54                RCC_IRQHandler
                0x08000f54                TIM1_TRG_COM_IRQHandler
                0x08000f54                DMA1_Channel1_IRQHandler
                0x08000f54                Default_Handler
                0x08000f54                EXTI15_10_IRQHandler
                0x08000f54                TIM7_IRQHandler
                0x08000f54                TIM5_IRQHandler
                0x08000f54                EXTI9_5_IRQHandler
                0x08000f54                SPI2_IRQHandler
                0x08000f54                DMA1_Channel5_IRQHandler
                0x08000f54                EXTI4_IRQHandler
                0x08000f54                USB_LP_CAN1_RX0_IRQHandler
                0x08000f54                USB_HP_CAN1_TX_IRQHandler
                0x08000f54                DMA1_Channel3_IRQHandler
                0x08000f54                FSMC_IRQHandler
                0x08000f54                WWDG_IRQHandler
                0x08000f54                TIM2_IRQHandler
                0x08000f54                TIM1_BRK_IRQHandler
                0x08000f54                EXTI1_IRQHandler
                0x08000f54                DMA2_Channel4_5_IRQHandler
                0x08000f54                USART2_IRQHandler
                0x08000f54                I2C2_ER_IRQHandler
                0x08000f54                DMA1_Channel2_IRQHandler
                0x08000f54                TIM8_BRK_IRQHandler
                0x08000f54                CAN1_SCE_IRQHandler
                0x08000f54                FLASH_IRQHandler
                0x08000f54                SPI3_IRQHandler
                0x08000f54                I2C1_ER_IRQHandler
                0x08000f54                USBWakeUp_IRQHandler
                0x08000f54                RTC_Alarm_IRQHandler
 *fill*         0x08000f56        0x2 
 .text.HAL_Init
                0x08000f58       0x2c ./Drivers/STM32F1xx_HAL_Driver/Src/stm32f1xx_hal.o
                0x08000f58                HAL_Init
 .text.HAL_DeInit
                0x08000f84       0x30 ./Drivers/STM32F1xx_HAL_Driver/Src/stm32f1xx_hal.o
                0x08000f84                HAL_DeInit
 .text.HAL_MspDeInit
                0x08000fb4        0xc ./Drivers/STM32F1xx_HAL_Driver/Src/stm32f1xx_hal.o
                0x08000fb4                HAL_MspDeInit
 .text.HAL_InitTick
                0x08000fc0       0x60 ./Drivers/STM32F1xx_HAL_Driver/Src/stm32f1xx_hal.o
                0x08000fc0                HAL_InitTick
 .text.HAL_IncTick
                0x08001020       0x24 ./Drivers/STM32F1xx_HAL_Driver/Src/stm32f1xx_hal.o
                0x08001020                HAL_IncTick
 .text.HAL_GetTick
                0x08001044       0x14 ./Drivers/STM32F1xx_HAL_Driver/Src/stm32f1xx_hal.o
                0x08001044                HAL_GetTick
 .text.HAL_Delay
                0x08001058       0x48 ./Drivers/STM32F1xx_HAL_Driver/Src/stm32f1xx_hal.o
                0x08001058                HAL_Delay
 .text.HAL_CAN_Init
                0x080010a0      0x1f6 ./Drivers/STM32F1xx_HAL_Driver/Src/stm32f1xx_hal_can.o
                0x080010a0                HAL_CAN_Init
 .text.HAL_CAN_Start
                0x08001296       0x88 ./Drivers/STM32F1xx_HAL_Driver/Src/stm32f1xx_hal_can.o
                0x08001296                HAL_CAN_Start
 *fill*         0x0800131e        0x2 
 .text.__NVIC_SetPriorityGrouping
                0x08001320       0x48 ./Drivers/STM32F1xx_HAL_Driver/Src/stm32f1xx_hal_cortex.o
 .text.__NVIC_GetPriorityGrouping
                0x08001368       0x1c ./Drivers/STM32F1xx_HAL_Driver/Src/stm32f1xx_hal_cortex.o
 .text.__NVIC_EnableIRQ
                0x08001384       0x38 ./Drivers/STM32F1xx_HAL_Driver/Src/stm32f1xx_hal_cortex.o
 .text.__NVIC_SetPriority
                0x080013bc       0x54 ./Drivers/STM32F1xx_HAL_Driver/Src/stm32f1xx_hal_cortex.o
 .text.NVIC_EncodePriority
                0x08001410       0x64 ./Drivers/STM32F1xx_HAL_Driver/Src/stm32f1xx_hal_cortex.o
 .text.SysTick_Config
                0x08001474       0x44 ./Drivers/STM32F1xx_HAL_Driver/Src/stm32f1xx_hal_cortex.o
 .text.HAL_NVIC_SetPriorityGrouping
                0x080014b8       0x16 ./Drivers/STM32F1xx_HAL_Driver/Src/stm32f1xx_hal_cortex.o
                0x080014b8                HAL_NVIC_SetPriorityGrouping
 .text.HAL_NVIC_SetPriority
                0x080014ce       0x38 ./Drivers/STM32F1xx_HAL_Driver/Src/stm32f1xx_hal_cortex.o
                0x080014ce                HAL_NVIC_SetPriority
 .text.HAL_NVIC_EnableIRQ
                0x08001506       0x1c ./Drivers/STM32F1xx_HAL_Driver/Src/stm32f1xx_hal_cortex.o
                0x08001506                HAL_NVIC_EnableIRQ
 .text.HAL_SYSTICK_Config
                0x08001522       0x18 ./Drivers/STM32F1xx_HAL_Driver/Src/stm32f1xx_hal_cortex.o
                0x08001522                HAL_SYSTICK_Config
 .text.HAL_DMA_Abort
                0x0800153a       0x76 ./Drivers/STM32F1xx_HAL_Driver/Src/stm32f1xx_hal_dma.o
                0x0800153a                HAL_DMA_Abort
 .text.HAL_DMA_Abort_IT
                0x080015b0      0x210 ./Drivers/STM32F1xx_HAL_Driver/Src/stm32f1xx_hal_dma.o
                0x080015b0                HAL_DMA_Abort_IT
 .text.HAL_FLASH_Program
                0x080017c0       0xe0 ./Drivers/STM32F1xx_HAL_Driver/Src/stm32f1xx_hal_flash.o
                0x080017c0                HAL_FLASH_Program
 .text.HAL_FLASH_Unlock
                0x080018a0       0x4c ./Drivers/STM32F1xx_HAL_Driver/Src/stm32f1xx_hal_flash.o
                0x080018a0                HAL_FLASH_Unlock
 .text.HAL_FLASH_Lock
                0x080018ec       0x20 ./Drivers/STM32F1xx_HAL_Driver/Src/stm32f1xx_hal_flash.o
                0x080018ec                HAL_FLASH_Lock
 .text.FLASH_Program_HalfWord
                0x0800190c       0x38 ./Drivers/STM32F1xx_HAL_Driver/Src/stm32f1xx_hal_flash.o
 .text.FLASH_WaitForLastOperation
                0x08001944       0x8c ./Drivers/STM32F1xx_HAL_Driver/Src/stm32f1xx_hal_flash.o
                0x08001944                FLASH_WaitForLastOperation
 .text.FLASH_SetErrorCode
                0x080019d0       0xa0 ./Drivers/STM32F1xx_HAL_Driver/Src/stm32f1xx_hal_flash.o
 .text.HAL_GPIO_Init
                0x08001a70      0x328 ./Drivers/STM32F1xx_HAL_Driver/Src/stm32f1xx_hal_gpio.o
                0x08001a70                HAL_GPIO_Init
 .text.HAL_I2C_Init
                0x08001d98      0x288 ./Drivers/STM32F1xx_HAL_Driver/Src/stm32f1xx_hal_i2c.o
                0x08001d98                HAL_I2C_Init
 .text.HAL_I2C_Master_Transmit
                0x08002020      0x1fc ./Drivers/STM32F1xx_HAL_Driver/Src/stm32f1xx_hal_i2c.o
                0x08002020                HAL_I2C_Master_Transmit
 .text.HAL_I2C_Mem_Write
                0x0800221c      0x1f4 ./Drivers/STM32F1xx_HAL_Driver/Src/stm32f1xx_hal_i2c.o
                0x0800221c                HAL_I2C_Mem_Write
 .text.HAL_I2C_GetState
                0x08002410       0x1a ./Drivers/STM32F1xx_HAL_Driver/Src/stm32f1xx_hal_i2c.o
                0x08002410                HAL_I2C_GetState
 .text.HAL_I2C_GetError
                0x0800242a       0x16 ./Drivers/STM32F1xx_HAL_Driver/Src/stm32f1xx_hal_i2c.o
                0x0800242a                HAL_I2C_GetError
 .text.I2C_MasterRequestWrite
                0x08002440      0x104 ./Drivers/STM32F1xx_HAL_Driver/Src/stm32f1xx_hal_i2c.o
 .text.I2C_RequestMemoryWrite
                0x08002544      0x12c ./Drivers/STM32F1xx_HAL_Driver/Src/stm32f1xx_hal_i2c.o
 .text.I2C_WaitOnFlagUntilTimeout
                0x08002670       0xf4 ./Drivers/STM32F1xx_HAL_Driver/Src/stm32f1xx_hal_i2c.o
 .text.I2C_WaitOnMasterAddressFlagUntilTimeout
                0x08002764      0x140 ./Drivers/STM32F1xx_HAL_Driver/Src/stm32f1xx_hal_i2c.o
 .text.I2C_WaitOnTXEFlagUntilTimeout
                0x080028a4       0x90 ./Drivers/STM32F1xx_HAL_Driver/Src/stm32f1xx_hal_i2c.o
 .text.I2C_WaitOnBTFFlagUntilTimeout
                0x08002934       0x90 ./Drivers/STM32F1xx_HAL_Driver/Src/stm32f1xx_hal_i2c.o
 .text.I2C_IsAcknowledgeFailed
                0x080029c4       0x5c ./Drivers/STM32F1xx_HAL_Driver/Src/stm32f1xx_hal_i2c.o
 .text.HAL_RCC_OscConfig
                0x08002a20      0x504 ./Drivers/STM32F1xx_HAL_Driver/Src/stm32f1xx_hal_rcc.o
                0x08002a20                HAL_RCC_OscConfig
 .text.HAL_RCC_ClockConfig
                0x08002f24      0x1d4 ./Drivers/STM32F1xx_HAL_Driver/Src/stm32f1xx_hal_rcc.o
                0x08002f24                HAL_RCC_ClockConfig
 .text.HAL_RCC_GetSysClockFreq
                0x080030f8       0xa8 ./Drivers/STM32F1xx_HAL_Driver/Src/stm32f1xx_hal_rcc.o
                0x080030f8                HAL_RCC_GetSysClockFreq
 .text.HAL_RCC_GetHCLKFreq
                0x080031a0       0x14 ./Drivers/STM32F1xx_HAL_Driver/Src/stm32f1xx_hal_rcc.o
                0x080031a0                HAL_RCC_GetHCLKFreq
 .text.HAL_RCC_GetPCLK1Freq
                0x080031b4       0x28 ./Drivers/STM32F1xx_HAL_Driver/Src/stm32f1xx_hal_rcc.o
                0x080031b4                HAL_RCC_GetPCLK1Freq
 .text.HAL_RCC_GetPCLK2Freq
                0x080031dc       0x28 ./Drivers/STM32F1xx_HAL_Driver/Src/stm32f1xx_hal_rcc.o
                0x080031dc                HAL_RCC_GetPCLK2Freq
 .text.RCC_Delay
                0x08003204       0x3c ./Drivers/STM32F1xx_HAL_Driver/Src/stm32f1xx_hal_rcc.o
 .text.HAL_TIM_Base_Init
                0x08003240       0x9e ./Drivers/STM32F1xx_HAL_Driver/Src/stm32f1xx_hal_tim.o
                0x08003240                HAL_TIM_Base_Init
 .text.HAL_TIM_IRQHandler
                0x080032de      0x210 ./Drivers/STM32F1xx_HAL_Driver/Src/stm32f1xx_hal_tim.o
                0x080032de                HAL_TIM_IRQHandler
 .text.HAL_TIM_ConfigClockSource
                0x080034ee      0x18e ./Drivers/STM32F1xx_HAL_Driver/Src/stm32f1xx_hal_tim.o
                0x080034ee                HAL_TIM_ConfigClockSource
 .text.HAL_TIM_PeriodElapsedCallback
                0x0800367c       0x12 ./Drivers/STM32F1xx_HAL_Driver/Src/stm32f1xx_hal_tim.o
                0x0800367c                HAL_TIM_PeriodElapsedCallback
 .text.HAL_TIM_OC_DelayElapsedCallback
                0x0800368e       0x12 ./Drivers/STM32F1xx_HAL_Driver/Src/stm32f1xx_hal_tim.o
                0x0800368e                HAL_TIM_OC_DelayElapsedCallback
 .text.HAL_TIM_IC_CaptureCallback
                0x080036a0       0x12 ./Drivers/STM32F1xx_HAL_Driver/Src/stm32f1xx_hal_tim.o
                0x080036a0                HAL_TIM_IC_CaptureCallback
 .text.HAL_TIM_PWM_PulseFinishedCallback
                0x080036b2       0x12 ./Drivers/STM32F1xx_HAL_Driver/Src/stm32f1xx_hal_tim.o
                0x080036b2                HAL_TIM_PWM_PulseFinishedCallback
 .text.HAL_TIM_TriggerCallback
                0x080036c4       0x12 ./Drivers/STM32F1xx_HAL_Driver/Src/stm32f1xx_hal_tim.o
                0x080036c4                HAL_TIM_TriggerCallback
 *fill*         0x080036d6        0x2 
 .text.TIM_Base_SetConfig
                0x080036d8       0xf4 ./Drivers/STM32F1xx_HAL_Driver/Src/stm32f1xx_hal_tim.o
                0x080036d8                TIM_Base_SetConfig
 .text.TIM_TI1_ConfigInputStage
                0x080037cc       0x5c ./Drivers/STM32F1xx_HAL_Driver/Src/stm32f1xx_hal_tim.o
 .text.TIM_TI2_ConfigInputStage
                0x08003828       0x5e ./Drivers/STM32F1xx_HAL_Driver/Src/stm32f1xx_hal_tim.o
 .text.TIM_ITRx_SetConfig
                0x08003886       0x34 ./Drivers/STM32F1xx_HAL_Driver/Src/stm32f1xx_hal_tim.o
 .text.TIM_ETR_SetConfig
                0x080038ba       0x3e ./Drivers/STM32F1xx_HAL_Driver/Src/stm32f1xx_hal_tim.o
                0x080038ba                TIM_ETR_SetConfig
 .text.HAL_TIMEx_MasterConfigSynchronization
                0x080038f8       0xd8 ./Drivers/STM32F1xx_HAL_Driver/Src/stm32f1xx_hal_tim_ex.o
                0x080038f8                HAL_TIMEx_MasterConfigSynchronization
 .text.HAL_TIMEx_CommutCallback
                0x080039d0       0x12 ./Drivers/STM32F1xx_HAL_Driver/Src/stm32f1xx_hal_tim_ex.o
                0x080039d0                HAL_TIMEx_CommutCallback
 .text.HAL_TIMEx_BreakCallback
                0x080039e2       0x12 ./Drivers/STM32F1xx_HAL_Driver/Src/stm32f1xx_hal_tim_ex.o
                0x080039e2                HAL_TIMEx_BreakCallback
 .text.HAL_UART_Init
                0x080039f4       0xa0 ./Drivers/STM32F1xx_HAL_Driver/Src/stm32f1xx_hal_uart.o
                0x080039f4                HAL_UART_Init
 .text.HAL_UART_Transmit
                0x08003a94      0x106 ./Drivers/STM32F1xx_HAL_Driver/Src/stm32f1xx_hal_uart.o
                0x08003a94                HAL_UART_Transmit
 .text.HAL_UART_Receive
                0x08003b9a      0x124 ./Drivers/STM32F1xx_HAL_Driver/Src/stm32f1xx_hal_uart.o
                0x08003b9a                HAL_UART_Receive
 *fill*         0x08003cbe        0x2 
 .text.HAL_UART_IRQHandler
                0x08003cc0      0x524 ./Drivers/STM32F1xx_HAL_Driver/Src/stm32f1xx_hal_uart.o
                0x08003cc0                HAL_UART_IRQHandler
 .text.HAL_UART_TxCpltCallback
                0x080041e4       0x12 ./Drivers/STM32F1xx_HAL_Driver/Src/stm32f1xx_hal_uart.o
                0x080041e4                HAL_UART_TxCpltCallback
 .text.HAL_UART_RxCpltCallback
                0x080041f6       0x12 ./Drivers/STM32F1xx_HAL_Driver/Src/stm32f1xx_hal_uart.o
                0x080041f6                HAL_UART_RxCpltCallback
 .text.HAL_UART_ErrorCallback
                0x08004208       0x12 ./Drivers/STM32F1xx_HAL_Driver/Src/stm32f1xx_hal_uart.o
                0x08004208                HAL_UART_ErrorCallback
 .text.HAL_UARTEx_RxEventCallback
                0x0800421a       0x16 ./Drivers/STM32F1xx_HAL_Driver/Src/stm32f1xx_hal_uart.o
                0x0800421a                HAL_UARTEx_RxEventCallback
 .text.UART_WaitOnFlagUntilTimeout
                0x08004230       0xdc ./Drivers/STM32F1xx_HAL_Driver/Src/stm32f1xx_hal_uart.o
 .text.UART_EndRxTransfer
                0x0800430c       0xc4 ./Drivers/STM32F1xx_HAL_Driver/Src/stm32f1xx_hal_uart.o
 .text.UART_DMAAbortOnError
                0x080043d0       0x28 ./Drivers/STM32F1xx_HAL_Driver/Src/stm32f1xx_hal_uart.o
 .text.UART_Transmit_IT
                0x080043f8       0x9e ./Drivers/STM32F1xx_HAL_Driver/Src/stm32f1xx_hal_uart.o
 .text.UART_EndTransmit_IT
                0x08004496       0x30 ./Drivers/STM32F1xx_HAL_Driver/Src/stm32f1xx_hal_uart.o
 .text.UART_Receive_IT
                0x080044c6      0x17c ./Drivers/STM32F1xx_HAL_Driver/Src/stm32f1xx_hal_uart.o
 *fill*         0x08004642        0x2 
 .text.UART_SetConfig
                0x08004644      0x11c ./Drivers/STM32F1xx_HAL_Driver/Src/stm32f1xx_hal_uart.o
 .text.snprintf
                0x08004760       0x68 /Applications/STM32CubeIDE.app/Contents/Eclipse/plugins/com.st.stm32cube.ide.mcu.externaltools.gnu-tools-for-stm32.12.3.rel1.macos64_1.0.100.202403111906/tools/bin/../lib/gcc/arm-none-eabi/12.3.1/../../../../arm-none-eabi/lib/thumb/v7-m/nofp/libc_nano.a(libc_a-snprintf.o)
                0x08004760                snprintf
                0x08004760                sniprintf
 .text.strstr   0x080047c8       0x2c /Applications/STM32CubeIDE.app/Contents/Eclipse/plugins/com.st.stm32cube.ide.mcu.externaltools.gnu-tools-for-stm32.12.3.rel1.macos64_1.0.100.202403111906/tools/bin/../lib/gcc/arm-none-eabi/12.3.1/../../../../arm-none-eabi/lib/thumb/v7-m/nofp/libc_nano.a(libc_a-strstr.o)
                0x080047c8                strstr
 .text.memset   0x080047f4       0x10 /Applications/STM32CubeIDE.app/Contents/Eclipse/plugins/com.st.stm32cube.ide.mcu.externaltools.gnu-tools-for-stm32.12.3.rel1.macos64_1.0.100.202403111906/tools/bin/../lib/gcc/arm-none-eabi/12.3.1/../../../../arm-none-eabi/lib/thumb/v7-m/nofp/libc_nano.a(libc_a-memset.o)
                0x080047f4                memset
 .text.__errno  0x08004804        0xc /Applications/STM32CubeIDE.app/Contents/Eclipse/plugins/com.st.stm32cube.ide.mcu.externaltools.gnu-tools-for-stm32.12.3.rel1.macos64_1.0.100.202403111906/tools/bin/../lib/gcc/arm-none-eabi/12.3.1/../../../../arm-none-eabi/lib/thumb/v7-m/nofp/libc_nano.a(libc_a-errno.o)
                0x08004804                __errno
 .text.__libc_init_array
                0x08004810       0x48 /Applications/STM32CubeIDE.app/Contents/Eclipse/plugins/com.st.stm32cube.ide.mcu.externaltools.gnu-tools-for-stm32.12.3.rel1.macos64_1.0.100.202403111906/tools/bin/../lib/gcc/arm-none-eabi/12.3.1/../../../../arm-none-eabi/lib/thumb/v7-m/nofp/libc_nano.a(libc_a-init.o)
                0x08004810                __libc_init_array
 .text.__retarget_lock_acquire_recursive
                0x08004858        0x2 /Applications/STM32CubeIDE.app/Contents/Eclipse/plugins/com.st.stm32cube.ide.mcu.externaltools.gnu-tools-for-stm32.12.3.rel1.macos64_1.0.100.202403111906/tools/bin/../lib/gcc/arm-none-eabi/12.3.1/../../../../arm-none-eabi/lib/thumb/v7-m/nofp/libc_nano.a(libc_a-lock.o)
                0x08004858                __retarget_lock_acquire_recursive
 .text.__retarget_lock_release_recursive
                0x0800485a        0x2 /Applications/STM32CubeIDE.app/Contents/Eclipse/plugins/com.st.stm32cube.ide.mcu.externaltools.gnu-tools-for-stm32.12.3.rel1.macos64_1.0.100.202403111906/tools/bin/../lib/gcc/arm-none-eabi/12.3.1/../../../../arm-none-eabi/lib/thumb/v7-m/nofp/libc_nano.a(libc_a-lock.o)
                0x0800485a                __retarget_lock_release_recursive
 .text.__ssputs_r
                0x0800485c       0xb6 /Applications/STM32CubeIDE.app/Contents/Eclipse/plugins/com.st.stm32cube.ide.mcu.externaltools.gnu-tools-for-stm32.12.3.rel1.macos64_1.0.100.202403111906/tools/bin/../lib/gcc/arm-none-eabi/12.3.1/../../../../arm-none-eabi/lib/thumb/v7-m/nofp/libc_nano.a(libc_a-nano-svfprintf.o)
                0x0800485c                __ssputs_r
 *fill*         0x08004912        0x2 
 .text._svfprintf_r
                0x08004914      0x1f8 /Applications/STM32CubeIDE.app/Contents/Eclipse/plugins/com.st.stm32cube.ide.mcu.externaltools.gnu-tools-for-stm32.12.3.rel1.macos64_1.0.100.202403111906/tools/bin/../lib/gcc/arm-none-eabi/12.3.1/../../../../arm-none-eabi/lib/thumb/v7-m/nofp/libc_nano.a(libc_a-nano-svfprintf.o)
                0x08004914                _svfprintf_r
                0x08004914                _svfiprintf_r
 .text.sbrk_aligned
                0x08004b0c       0x44 /Applications/STM32CubeIDE.app/Contents/Eclipse/plugins/com.st.stm32cube.ide.mcu.externaltools.gnu-tools-for-stm32.12.3.rel1.macos64_1.0.100.202403111906/tools/bin/../lib/gcc/arm-none-eabi/12.3.1/../../../../arm-none-eabi/lib/thumb/v7-m/nofp/libc_nano.a(libc_a-mallocr.o)
 .text._malloc_r
                0x08004b50      0x100 /Applications/STM32CubeIDE.app/Contents/Eclipse/plugins/com.st.stm32cube.ide.mcu.externaltools.gnu-tools-for-stm32.12.3.rel1.macos64_1.0.100.202403111906/tools/bin/../lib/gcc/arm-none-eabi/12.3.1/../../../../arm-none-eabi/lib/thumb/v7-m/nofp/libc_nano.a(libc_a-mallocr.o)
                0x08004b50                _malloc_r
 .text._printf_common
                0x08004c50       0xe4 /Applications/STM32CubeIDE.app/Contents/Eclipse/plugins/com.st.stm32cube.ide.mcu.externaltools.gnu-tools-for-stm32.12.3.rel1.macos64_1.0.100.202403111906/tools/bin/../lib/gcc/arm-none-eabi/12.3.1/../../../../arm-none-eabi/lib/thumb/v7-m/nofp/libc_nano.a(libc_a-nano-vfprintf_i.o)
                0x08004c50                _printf_common
 .text._printf_i
                0x08004d34      0x240 /Applications/STM32CubeIDE.app/Contents/Eclipse/plugins/com.st.stm32cube.ide.mcu.externaltools.gnu-tools-for-stm32.12.3.rel1.macos64_1.0.100.202403111906/tools/bin/../lib/gcc/arm-none-eabi/12.3.1/../../../../arm-none-eabi/lib/thumb/v7-m/nofp/libc_nano.a(libc_a-nano-vfprintf_i.o)
                0x08004d34                _printf_i
 .text.__malloc_lock
                0x08004f74        0xc /Applications/STM32CubeIDE.app/Contents/Eclipse/plugins/com.st.stm32cube.ide.mcu.externaltools.gnu-tools-for-stm32.12.3.rel1.macos64_1.0.100.202403111906/tools/bin/../lib/gcc/arm-none-eabi/12.3.1/../../../../arm-none-eabi/lib/thumb/v7-m/nofp/libc_nano.a(libc_a-mlock.o)
                0x08004f74                __malloc_lock
 .text.__malloc_unlock
                0x08004f80        0xc /Applications/STM32CubeIDE.app/Contents/Eclipse/plugins/com.st.stm32cube.ide.mcu.externaltools.gnu-tools-for-stm32.12.3.rel1.macos64_1.0.100.202403111906/tools/bin/../lib/gcc/arm-none-eabi/12.3.1/../../../../arm-none-eabi/lib/thumb/v7-m/nofp/libc_nano.a(libc_a-mlock.o)
                0x08004f80                __malloc_unlock
 .text._realloc_r
                0x08004f8c       0x5c /Applications/STM32CubeIDE.app/Contents/Eclipse/plugins/com.st.stm32cube.ide.mcu.externaltools.gnu-tools-for-stm32.12.3.rel1.macos64_1.0.100.202403111906/tools/bin/../lib/gcc/arm-none-eabi/12.3.1/../../../../arm-none-eabi/lib/thumb/v7-m/nofp/libc_nano.a(libc_a-reallocr.o)
                0x08004f8c                _realloc_r
 .text.memmove  0x08004fe8       0x34 /Applications/STM32CubeIDE.app/Contents/Eclipse/plugins/com.st.stm32cube.ide.mcu.externaltools.gnu-tools-for-stm32.12.3.rel1.macos64_1.0.100.202403111906/tools/bin/../lib/gcc/arm-none-eabi/12.3.1/../../../../arm-none-eabi/lib/thumb/v7-m/nofp/libc_nano.a(libc_a-memmove.o)
                0x08004fe8                memmove
 .text._sbrk_r  0x0800501c       0x20 /Applications/STM32CubeIDE.app/Contents/Eclipse/plugins/com.st.stm32cube.ide.mcu.externaltools.gnu-tools-for-stm32.12.3.rel1.macos64_1.0.100.202403111906/tools/bin/../lib/gcc/arm-none-eabi/12.3.1/../../../../arm-none-eabi/lib/thumb/v7-m/nofp/libc_nano.a(libc_a-sbrkr.o)
                0x0800501c                _sbrk_r
 .text.memchr   0x0800503c       0x1c /Applications/STM32CubeIDE.app/Contents/Eclipse/plugins/com.st.stm32cube.ide.mcu.externaltools.gnu-tools-for-stm32.12.3.rel1.macos64_1.0.100.202403111906/tools/bin/../lib/gcc/arm-none-eabi/12.3.1/../../../../arm-none-eabi/lib/thumb/v7-m/nofp/libc_nano.a(libc_a-memchr-stub.o)
                0x0800503c                memchr
 .text.memcpy   0x08005058       0x1c /Applications/STM32CubeIDE.app/Contents/Eclipse/plugins/com.st.stm32cube.ide.mcu.externaltools.gnu-tools-for-stm32.12.3.rel1.macos64_1.0.100.202403111906/tools/bin/../lib/gcc/arm-none-eabi/12.3.1/../../../../arm-none-eabi/lib/thumb/v7-m/nofp/libc_nano.a(libc_a-memcpy-stub.o)
                0x08005058                memcpy
 .text._free_r  0x08005074       0x90 /Applications/STM32CubeIDE.app/Contents/Eclipse/plugins/com.st.stm32cube.ide.mcu.externaltools.gnu-tools-for-stm32.12.3.rel1.macos64_1.0.100.202403111906/tools/bin/../lib/gcc/arm-none-eabi/12.3.1/../../../../arm-none-eabi/lib/thumb/v7-m/nofp/libc_nano.a(libc_a-freer.o)
                0x08005074                _free_r
 .text._malloc_usable_size_r
                0x08005104       0x10 /Applications/STM32CubeIDE.app/Contents/Eclipse/plugins/com.st.stm32cube.ide.mcu.externaltools.gnu-tools-for-stm32.12.3.rel1.macos64_1.0.100.202403111906/tools/bin/../lib/gcc/arm-none-eabi/12.3.1/../../../../arm-none-eabi/lib/thumb/v7-m/nofp/libc_nano.a(libc_a-msizer.o)
                0x08005104                _malloc_usable_size_r
 *(.glue_7)
 .glue_7        0x08005114        0x0 linker stubs
 *(.glue_7t)
 .glue_7t       0x08005114        0x0 linker stubs
 *(.eh_frame)
 .eh_frame      0x08005114        0x0 /Applications/STM32CubeIDE.app/Contents/Eclipse/plugins/com.st.stm32cube.ide.mcu.externaltools.gnu-tools-for-stm32.12.3.rel1.macos64_1.0.100.202403111906/tools/bin/../lib/gcc/arm-none-eabi/12.3.1/thumb/v7-m/nofp/crtbegin.o
 *(.init)
 .init          0x08005114        0x4 /Applications/STM32CubeIDE.app/Contents/Eclipse/plugins/com.st.stm32cube.ide.mcu.externaltools.gnu-tools-for-stm32.12.3.rel1.macos64_1.0.100.202403111906/tools/bin/../lib/gcc/arm-none-eabi/12.3.1/thumb/v7-m/nofp/crti.o
                0x08005114                _init
 .init          0x08005118        0x8 /Applications/STM32CubeIDE.app/Contents/Eclipse/plugins/com.st.stm32cube.ide.mcu.externaltools.gnu-tools-for-stm32.12.3.rel1.macos64_1.0.100.202403111906/tools/bin/../lib/gcc/arm-none-eabi/12.3.1/thumb/v7-m/nofp/crtn.o
 *(.fini)
 .fini          0x08005120        0x4 /Applications/STM32CubeIDE.app/Contents/Eclipse/plugins/com.st.stm32cube.ide.mcu.externaltools.gnu-tools-for-stm32.12.3.rel1.macos64_1.0.100.202403111906/tools/bin/../lib/gcc/arm-none-eabi/12.3.1/thumb/v7-m/nofp/crti.o
                0x08005120                _fini
 .fini          0x08005124        0x8 /Applications/STM32CubeIDE.app/Contents/Eclipse/plugins/com.st.stm32cube.ide.mcu.externaltools.gnu-tools-for-stm32.12.3.rel1.macos64_1.0.100.202403111906/tools/bin/../lib/gcc/arm-none-eabi/12.3.1/thumb/v7-m/nofp/crtn.o
                0x0800512c                        . = ALIGN (0x4)
                0x0800512c                        _etext = .

.vfp11_veneer   0x0800512c        0x0
 .vfp11_veneer  0x0800512c        0x0 linker stubs

.v4_bx          0x0800512c        0x0
 .v4_bx         0x0800512c        0x0 linker stubs

.iplt           0x0800512c        0x0
 .iplt          0x0800512c        0x0 /Applications/STM32CubeIDE.app/Contents/Eclipse/plugins/com.st.stm32cube.ide.mcu.externaltools.gnu-tools-for-stm32.12.3.rel1.macos64_1.0.100.202403111906/tools/bin/../lib/gcc/arm-none-eabi/12.3.1/thumb/v7-m/nofp/crtbegin.o

.rodata         0x0800512c      0x178
                0x0800512c                        . = ALIGN (0x4)
 *(.rodata)
 .rodata        0x0800512c        0xf ./Core/Src/ESP8266.o
 *fill*         0x0800513b        0x1 
 .rodata        0x0800513c       0x7d ./Core/Src/Globals.o
 *fill*         0x080051b9        0x3 
 .rodata        0x080051bc       0x86 ./Core/Src/OTA.o
 *(.rodata*)
 *fill*         0x08005242        0x2 
 .rodata.AHBPrescTable
                0x08005244       0x10 ./Core/Src/system_stm32f1xx.o
                0x08005244                AHBPrescTable
 .rodata.APBPrescTable
                0x08005254        0x8 ./Core/Src/system_stm32f1xx.o
                0x08005254                APBPrescTable
 .rodata.aPLLMULFactorTable.1
                0x0800525c       0x10 ./Drivers/STM32F1xx_HAL_Driver/Src/stm32f1xx_hal_rcc.o
 .rodata.aPredivFactorTable.0
                0x0800526c        0x2 ./Drivers/STM32F1xx_HAL_Driver/Src/stm32f1xx_hal_rcc.o
 .rodata._svfprintf_r.str1.1
                0x0800526e       0x11 /Applications/STM32CubeIDE.app/Contents/Eclipse/plugins/com.st.stm32cube.ide.mcu.externaltools.gnu-tools-for-stm32.12.3.rel1.macos64_1.0.100.202403111906/tools/bin/../lib/gcc/arm-none-eabi/12.3.1/../../../../arm-none-eabi/lib/thumb/v7-m/nofp/libc_nano.a(libc_a-nano-svfprintf.o)
 .rodata._printf_i.str1.1
                0x0800527f       0x22 /Applications/STM32CubeIDE.app/Contents/Eclipse/plugins/com.st.stm32cube.ide.mcu.externaltools.gnu-tools-for-stm32.12.3.rel1.macos64_1.0.100.202403111906/tools/bin/../lib/gcc/arm-none-eabi/12.3.1/../../../../arm-none-eabi/lib/thumb/v7-m/nofp/libc_nano.a(libc_a-nano-vfprintf_i.o)
                0x080052a4                        . = ALIGN (0x4)
 *fill*         0x080052a1        0x3 

.ARM.extab      0x080052a4        0x0
                0x080052a4                        . = ALIGN (0x4)
 *(.ARM.extab* .gnu.linkonce.armextab.*)
                0x080052a4                        . = ALIGN (0x4)

.ARM            0x080052a4        0x8
                0x080052a4                        . = ALIGN (0x4)
                0x080052a4                        __exidx_start = .
 *(.ARM.exidx*)
 .ARM.exidx     0x080052a4        0x8 /Applications/STM32CubeIDE.app/Contents/Eclipse/plugins/com.st.stm32cube.ide.mcu.externaltools.gnu-tools-for-stm32.12.3.rel1.macos64_1.0.100.202403111906/tools/bin/../lib/gcc/arm-none-eabi/12.3.1/../../../../arm-none-eabi/lib/thumb/v7-m/nofp/libc_nano.a(libc_a-strlen.o)
                0x080052ac                        __exidx_end = .
                0x080052ac                        . = ALIGN (0x4)

.preinit_array  0x080052ac        0x0
                0x080052ac                        . = ALIGN (0x4)
                0x080052ac                        PROVIDE (__preinit_array_start = .)
 *(.preinit_array*)
                0x080052ac                        PROVIDE (__preinit_array_end = .)
                0x080052ac                        . = ALIGN (0x4)

.init_array     0x080052ac        0x4
                0x080052ac                        . = ALIGN (0x4)
                0x080052ac                        PROVIDE (__init_array_start = .)
 *(SORT_BY_NAME(.init_array.*))
 *(.init_array*)
 .init_array    0x080052ac        0x4 /Applications/STM32CubeIDE.app/Contents/Eclipse/plugins/com.st.stm32cube.ide.mcu.externaltools.gnu-tools-for-stm32.12.3.rel1.macos64_1.0.100.202403111906/tools/bin/../lib/gcc/arm-none-eabi/12.3.1/thumb/v7-m/nofp/crtbegin.o
                0x080052b0                        PROVIDE (__init_array_end = .)
                0x080052b0                        . = ALIGN (0x4)

.fini_array     0x080052b0        0x4
                0x080052b0                        . = ALIGN (0x4)
                [!provide]                        PROVIDE (__fini_array_start = .)
 *(SORT_BY_NAME(.fini_array.*))
 *(.fini_array*)
 .fini_array    0x080052b0        0x4 /Applications/STM32CubeIDE.app/Contents/Eclipse/plugins/com.st.stm32cube.ide.mcu.externaltools.gnu-tools-for-stm32.12.3.rel1.macos64_1.0.100.202403111906/tools/bin/../lib/gcc/arm-none-eabi/12.3.1/thumb/v7-m/nofp/crtbegin.o
                [!provide]                        PROVIDE (__fini_array_end = .)
                0x080052b4                        . = ALIGN (0x4)
                0x080052b4                        _sidata = LOADADDR (.data)

.rel.dyn        0x080052b4        0x0
 .rel.iplt      0x080052b4        0x0 /Applications/STM32CubeIDE.app/Contents/Eclipse/plugins/com.st.stm32cube.ide.mcu.externaltools.gnu-tools-for-stm32.12.3.rel1.macos64_1.0.100.202403111906/tools/bin/../lib/gcc/arm-none-eabi/12.3.1/thumb/v7-m/nofp/crtbegin.o

.data           0x20000000       0x70 load address 0x080052b4
                0x20000000                        . = ALIGN (0x4)
                0x20000000                        _sdata = .
 *(.data)
 *(.data*)
 .data.currentVersion
                0x20000000        0xa ./Core/Src/Globals.o
                0x20000000                currentVersion
 *fill*         0x2000000a        0x2 
 .data.checkVersionURL
                0x2000000c        0x4 ./Core/Src/Globals.o
                0x2000000c                checkVersionURL
 .data.downloadNewVersionURL
                0x20000010        0x4 ./Core/Src/Globals.o
                0x20000010                downloadNewVersionURL
 .data.SystemCoreClock
                0x20000014        0x4 ./Core/Src/system_stm32f1xx.o
                0x20000014                SystemCoreClock
 .data.uwTickPrio
                0x20000018        0x4 ./Drivers/STM32F1xx_HAL_Driver/Src/stm32f1xx_hal.o
                0x20000018                uwTickPrio
 .data.uwTickFreq
                0x2000001c        0x1 ./Drivers/STM32F1xx_HAL_Driver/Src/stm32f1xx_hal.o
                0x2000001c                uwTickFreq
 *fill*         0x2000001d        0x3 
 .data._impure_ptr
                0x20000020        0x4 /Applications/STM32CubeIDE.app/Contents/Eclipse/plugins/com.st.stm32cube.ide.mcu.externaltools.gnu-tools-for-stm32.12.3.rel1.macos64_1.0.100.202403111906/tools/bin/../lib/gcc/arm-none-eabi/12.3.1/../../../../arm-none-eabi/lib/thumb/v7-m/nofp/libc_nano.a(libc_a-impure.o)
                0x20000020                _impure_ptr
 .data._impure_data
                0x20000024       0x4c /Applications/STM32CubeIDE.app/Contents/Eclipse/plugins/com.st.stm32cube.ide.mcu.externaltools.gnu-tools-for-stm32.12.3.rel1.macos64_1.0.100.202403111906/tools/bin/../lib/gcc/arm-none-eabi/12.3.1/../../../../arm-none-eabi/lib/thumb/v7-m/nofp/libc_nano.a(libc_a-impure.o)
                0x20000024                _impure_data
 *(.RamFunc)
 *(.RamFunc*)
                0x20000070                        . = ALIGN (0x4)
                0x20000070                        _edata = .

.igot.plt       0x20000070        0x0 load address 0x08005324
 .igot.plt      0x20000070        0x0 /Applications/STM32CubeIDE.app/Contents/Eclipse/plugins/com.st.stm32cube.ide.mcu.externaltools.gnu-tools-for-stm32.12.3.rel1.macos64_1.0.100.202403111906/tools/bin/../lib/gcc/arm-none-eabi/12.3.1/thumb/v7-m/nofp/crtbegin.o

.bss            0x20000070      0x2b8 load address 0x08005324
                0x20000070                        . = ALIGN (0x4)
                0x20000070                        _sbss = .
                0x20000070                        __bss_start__ = _sbss
 *(.bss)
 .bss           0x20000070       0x1c /Applications/STM32CubeIDE.app/Contents/Eclipse/plugins/com.st.stm32cube.ide.mcu.externaltools.gnu-tools-for-stm32.12.3.rel1.macos64_1.0.100.202403111906/tools/bin/../lib/gcc/arm-none-eabi/12.3.1/thumb/v7-m/nofp/crtbegin.o
 *(.bss*)
 .bss.newVersion
                0x2000008c        0xa ./Core/Src/Globals.o
                0x2000008c                newVersion
 .bss.LCD_BACKLIGHT
                0x20000096        0x1 ./Core/Src/LCD.o
                0x20000096                LCD_BACKLIGHT
 *fill*         0x20000097        0x1 
 .bss.hcan      0x20000098       0x28 ./Core/Src/main.o
                0x20000098                hcan
 .bss.hi2c1     0x200000c0       0x54 ./Core/Src/main.o
                0x200000c0                hi2c1
 .bss.htim1     0x20000114       0x48 ./Core/Src/main.o
                0x20000114                htim1
 .bss.huart1    0x2000015c       0x48 ./Core/Src/main.o
                0x2000015c                huart1
 .bss.heeprom   0x200001a4        0x8 ./Core/Src/main.o
                0x200001a4                heeprom
 .bss.hesp8266  0x200001ac        0x8 ./Core/Src/main.o
                0x200001ac                hesp8266
 .bss.hcanbus   0x200001b4        0x4 ./Core/Src/main.o
                0x200001b4                hcanbus
 .bss.__sbrk_heap_end
                0x200001b8        0x4 ./Core/Src/sysmem.o
 .bss.uwTick    0x200001bc        0x4 ./Drivers/STM32F1xx_HAL_Driver/Src/stm32f1xx_hal.o
                0x200001bc                uwTick
 .bss.pFlash    0x200001c0       0x20 ./Drivers/STM32F1xx_HAL_Driver/Src/stm32f1xx_hal_flash.o
                0x200001c0                pFlash
 .bss.__sf      0x200001e0      0x138 /Applications/STM32CubeIDE.app/Contents/Eclipse/plugins/com.st.stm32cube.ide.mcu.externaltools.gnu-tools-for-stm32.12.3.rel1.macos64_1.0.100.202403111906/tools/bin/../lib/gcc/arm-none-eabi/12.3.1/../../../../arm-none-eabi/lib/thumb/v7-m/nofp/libc_nano.a(libc_a-findfp.o)
                0x200001e0                __sf
 .bss.__lock___malloc_recursive_mutex
                0x20000318        0x1 /Applications/STM32CubeIDE.app/Contents/Eclipse/plugins/com.st.stm32cube.ide.mcu.externaltools.gnu-tools-for-stm32.12.3.rel1.macos64_1.0.100.202403111906/tools/bin/../lib/gcc/arm-none-eabi/12.3.1/../../../../arm-none-eabi/lib/thumb/v7-m/nofp/libc_nano.a(libc_a-lock.o)
                0x20000318                __lock___malloc_recursive_mutex
 *fill*         0x20000319        0x3 
 .bss.__malloc_sbrk_start
                0x2000031c        0x4 /Applications/STM32CubeIDE.app/Contents/Eclipse/plugins/com.st.stm32cube.ide.mcu.externaltools.gnu-tools-for-stm32.12.3.rel1.macos64_1.0.100.202403111906/tools/bin/../lib/gcc/arm-none-eabi/12.3.1/../../../../arm-none-eabi/lib/thumb/v7-m/nofp/libc_nano.a(libc_a-mallocr.o)
                0x2000031c                __malloc_sbrk_start
 .bss.__malloc_free_list
                0x20000320        0x4 /Applications/STM32CubeIDE.app/Contents/Eclipse/plugins/com.st.stm32cube.ide.mcu.externaltools.gnu-tools-for-stm32.12.3.rel1.macos64_1.0.100.202403111906/tools/bin/../lib/gcc/arm-none-eabi/12.3.1/../../../../arm-none-eabi/lib/thumb/v7-m/nofp/libc_nano.a(libc_a-mallocr.o)
                0x20000320                __malloc_free_list
 .bss.errno     0x20000324        0x4 /Applications/STM32CubeIDE.app/Contents/Eclipse/plugins/com.st.stm32cube.ide.mcu.externaltools.gnu-tools-for-stm32.12.3.rel1.macos64_1.0.100.202403111906/tools/bin/../lib/gcc/arm-none-eabi/12.3.1/../../../../arm-none-eabi/lib/thumb/v7-m/nofp/libc_nano.a(libc_a-reent.o)
                0x20000324                errno
 *(COMMON)
                0x20000328                        . = ALIGN (0x4)
                0x20000328                        _ebss = .
                0x20000328                        __bss_end__ = _ebss

._user_heap_stack
                0x20000328      0x600 load address 0x08005324
                0x20000328                        . = ALIGN (0x8)
                [!provide]                        PROVIDE (end = .)
                0x20000328                        PROVIDE (_end = .)
                0x20000528                        . = (. + _Min_Heap_Size)
 *fill*         0x20000328      0x200 
                0x20000928                        . = (. + _Min_Stack_Size)
 *fill*         0x20000528      0x400 
                0x20000928                        . = ALIGN (0x8)

.app_isr_vector
                0x08005000        0x0
                0x08005000                        . = ALIGN (0x4)
 *(.app_isr_vector)
                0x08005000                        . = ALIGN (0x4)

.app_text       0x08005000        0x0
                0x08005000                        . = ALIGN (0x4)
 *(.app_text)
 *(.app_text*)
                0x08005000                        . = ALIGN (0x4)

.update_isr_vector
                0x08008000        0x0
                0x08008000                        . = ALIGN (0x4)
 *(.update_isr_vector)
                0x08008000                        . = ALIGN (0x4)

.update_text    0x08008000        0x0
                0x08008000                        . = ALIGN (0x4)
 *(.update_text)
 *(.update_text*)
                0x08008000                        . = ALIGN (0x4)

/DISCARD/
 libc.a(*)
 libm.a(*)
 libgcc.a(*)

.ARM.attributes
                0x00000000       0x29
 *(.ARM.attributes)
 .ARM.attributes
                0x00000000       0x1d /Applications/STM32CubeIDE.app/Contents/Eclipse/plugins/com.st.stm32cube.ide.mcu.externaltools.gnu-tools-for-stm32.12.3.rel1.macos64_1.0.100.202403111906/tools/bin/../lib/gcc/arm-none-eabi/12.3.1/thumb/v7-m/nofp/crti.o
 .ARM.attributes
                0x0000001d       0x2d /Applications/STM32CubeIDE.app/Contents/Eclipse/plugins/com.st.stm32cube.ide.mcu.externaltools.gnu-tools-for-stm32.12.3.rel1.macos64_1.0.100.202403111906/tools/bin/../lib/gcc/arm-none-eabi/12.3.1/thumb/v7-m/nofp/crtbegin.o
 .ARM.attributes
                0x0000004a       0x2d ./Core/Src/CANBus.o
 .ARM.attributes
                0x00000077       0x2d ./Core/Src/EEPROM.o
 .ARM.attributes
                0x000000a4       0x2d ./Core/Src/ESP8266.o
 .ARM.attributes
                0x000000d1       0x2d ./Core/Src/Globals.o
 .ARM.attributes
                0x000000fe       0x2d ./Core/Src/LCD.o
 .ARM.attributes
                0x0000012b       0x2d ./Core/Src/OTA.o
 .ARM.attributes
                0x00000158       0x2d ./Core/Src/main.o
 .ARM.attributes
                0x00000185       0x2d ./Core/Src/stm32f1xx_hal_msp.o
 .ARM.attributes
                0x000001b2       0x2d ./Core/Src/stm32f1xx_it.o
 .ARM.attributes
                0x000001df       0x2d ./Core/Src/sysmem.o
 .ARM.attributes
                0x0000020c       0x2d ./Core/Src/system_stm32f1xx.o
 .ARM.attributes
                0x00000239       0x21 ./Core/Startup/startup_stm32f103rctx.o
 .ARM.attributes
                0x0000025a       0x2d ./Drivers/STM32F1xx_HAL_Driver/Src/stm32f1xx_hal.o
 .ARM.attributes
                0x00000287       0x2d ./Drivers/STM32F1xx_HAL_Driver/Src/stm32f1xx_hal_can.o
 .ARM.attributes
                0x000002b4       0x2d ./Drivers/STM32F1xx_HAL_Driver/Src/stm32f1xx_hal_cortex.o
 .ARM.attributes
                0x000002e1       0x2d ./Drivers/STM32F1xx_HAL_Driver/Src/stm32f1xx_hal_dma.o
 .ARM.attributes
                0x0000030e       0x2d ./Drivers/STM32F1xx_HAL_Driver/Src/stm32f1xx_hal_flash.o
 .ARM.attributes
                0x0000033b       0x2d ./Drivers/STM32F1xx_HAL_Driver/Src/stm32f1xx_hal_gpio.o
 .ARM.attributes
                0x00000368       0x2d ./Drivers/STM32F1xx_HAL_Driver/Src/stm32f1xx_hal_i2c.o
 .ARM.attributes
                0x00000395       0x2d ./Drivers/STM32F1xx_HAL_Driver/Src/stm32f1xx_hal_rcc.o
 .ARM.attributes
                0x000003c2       0x2d ./Drivers/STM32F1xx_HAL_Driver/Src/stm32f1xx_hal_tim.o
 .ARM.attributes
                0x000003ef       0x2d ./Drivers/STM32F1xx_HAL_Driver/Src/stm32f1xx_hal_tim_ex.o
 .ARM.attributes
                0x0000041c       0x2d ./Drivers/STM32F1xx_HAL_Driver/Src/stm32f1xx_hal_uart.o
 .ARM.attributes
                0x00000449       0x2d /Applications/STM32CubeIDE.app/Contents/Eclipse/plugins/com.st.stm32cube.ide.mcu.externaltools.gnu-tools-for-stm32.12.3.rel1.macos64_1.0.100.202403111906/tools/bin/../lib/gcc/arm-none-eabi/12.3.1/../../../../arm-none-eabi/lib/thumb/v7-m/nofp/libc_nano.a(libc_a-snprintf.o)
 .ARM.attributes
                0x00000476       0x2d /Applications/STM32CubeIDE.app/Contents/Eclipse/plugins/com.st.stm32cube.ide.mcu.externaltools.gnu-tools-for-stm32.12.3.rel1.macos64_1.0.100.202403111906/tools/bin/../lib/gcc/arm-none-eabi/12.3.1/../../../../arm-none-eabi/lib/thumb/v7-m/nofp/libc_nano.a(libc_a-findfp.o)
 .ARM.attributes
                0x000004a3       0x2d /Applications/STM32CubeIDE.app/Contents/Eclipse/plugins/com.st.stm32cube.ide.mcu.externaltools.gnu-tools-for-stm32.12.3.rel1.macos64_1.0.100.202403111906/tools/bin/../lib/gcc/arm-none-eabi/12.3.1/../../../../arm-none-eabi/lib/thumb/v7-m/nofp/libc_nano.a(libc_a-strstr.o)
 .ARM.attributes
                0x000004d0       0x2d /Applications/STM32CubeIDE.app/Contents/Eclipse/plugins/com.st.stm32cube.ide.mcu.externaltools.gnu-tools-for-stm32.12.3.rel1.macos64_1.0.100.202403111906/tools/bin/../lib/gcc/arm-none-eabi/12.3.1/../../../../arm-none-eabi/lib/thumb/v7-m/nofp/libc_nano.a(libc_a-memset.o)
 .ARM.attributes
                0x000004fd       0x2d /Applications/STM32CubeIDE.app/Contents/Eclipse/plugins/com.st.stm32cube.ide.mcu.externaltools.gnu-tools-for-stm32.12.3.rel1.macos64_1.0.100.202403111906/tools/bin/../lib/gcc/arm-none-eabi/12.3.1/../../../../arm-none-eabi/lib/thumb/v7-m/nofp/libc_nano.a(libc_a-impure.o)
 .ARM.attributes
                0x0000052a       0x2d /Applications/STM32CubeIDE.app/Contents/Eclipse/plugins/com.st.stm32cube.ide.mcu.externaltools.gnu-tools-for-stm32.12.3.rel1.macos64_1.0.100.202403111906/tools/bin/../lib/gcc/arm-none-eabi/12.3.1/../../../../arm-none-eabi/lib/thumb/v7-m/nofp/libc_nano.a(libc_a-errno.o)
 .ARM.attributes
                0x00000557       0x2d /Applications/STM32CubeIDE.app/Contents/Eclipse/plugins/com.st.stm32cube.ide.mcu.externaltools.gnu-tools-for-stm32.12.3.rel1.macos64_1.0.100.202403111906/tools/bin/../lib/gcc/arm-none-eabi/12.3.1/../../../../arm-none-eabi/lib/thumb/v7-m/nofp/libc_nano.a(libc_a-init.o)
 .ARM.attributes
                0x00000584       0x2d /Applications/STM32CubeIDE.app/Contents/Eclipse/plugins/com.st.stm32cube.ide.mcu.externaltools.gnu-tools-for-stm32.12.3.rel1.macos64_1.0.100.202403111906/tools/bin/../lib/gcc/arm-none-eabi/12.3.1/../../../../arm-none-eabi/lib/thumb/v7-m/nofp/libc_nano.a(libc_a-lock.o)
 .ARM.attributes
                0x000005b1       0x17 /Applications/STM32CubeIDE.app/Contents/Eclipse/plugins/com.st.stm32cube.ide.mcu.externaltools.gnu-tools-for-stm32.12.3.rel1.macos64_1.0.100.202403111906/tools/bin/../lib/gcc/arm-none-eabi/12.3.1/../../../../arm-none-eabi/lib/thumb/v7-m/nofp/libc_nano.a(libc_a-strlen.o)
 .ARM.attributes
                0x000005c8       0x2d /Applications/STM32CubeIDE.app/Contents/Eclipse/plugins/com.st.stm32cube.ide.mcu.externaltools.gnu-tools-for-stm32.12.3.rel1.macos64_1.0.100.202403111906/tools/bin/../lib/gcc/arm-none-eabi/12.3.1/../../../../arm-none-eabi/lib/thumb/v7-m/nofp/libc_nano.a(libc_a-nano-svfprintf.o)
 .ARM.attributes
                0x000005f5       0x2d /Applications/STM32CubeIDE.app/Contents/Eclipse/plugins/com.st.stm32cube.ide.mcu.externaltools.gnu-tools-for-stm32.12.3.rel1.macos64_1.0.100.202403111906/tools/bin/../lib/gcc/arm-none-eabi/12.3.1/../../../../arm-none-eabi/lib/thumb/v7-m/nofp/libc_nano.a(libc_a-mallocr.o)
 .ARM.attributes
                0x00000622       0x2d /Applications/STM32CubeIDE.app/Contents/Eclipse/plugins/com.st.stm32cube.ide.mcu.externaltools.gnu-tools-for-stm32.12.3.rel1.macos64_1.0.100.202403111906/tools/bin/../lib/gcc/arm-none-eabi/12.3.1/../../../../arm-none-eabi/lib/thumb/v7-m/nofp/libc_nano.a(libc_a-nano-vfprintf_i.o)
 .ARM.attributes
                0x0000064f       0x2d /Applications/STM32CubeIDE.app/Contents/Eclipse/plugins/com.st.stm32cube.ide.mcu.externaltools.gnu-tools-for-stm32.12.3.rel1.macos64_1.0.100.202403111906/tools/bin/../lib/gcc/arm-none-eabi/12.3.1/../../../../arm-none-eabi/lib/thumb/v7-m/nofp/libc_nano.a(libc_a-mlock.o)
 .ARM.attributes
                0x0000067c       0x2d /Applications/STM32CubeIDE.app/Contents/Eclipse/plugins/com.st.stm32cube.ide.mcu.externaltools.gnu-tools-for-stm32.12.3.rel1.macos64_1.0.100.202403111906/tools/bin/../lib/gcc/arm-none-eabi/12.3.1/../../../../arm-none-eabi/lib/thumb/v7-m/nofp/libc_nano.a(libc_a-reallocr.o)
 .ARM.attributes
                0x000006a9       0x2d /Applications/STM32CubeIDE.app/Contents/Eclipse/plugins/com.st.stm32cube.ide.mcu.externaltools.gnu-tools-for-stm32.12.3.rel1.macos64_1.0.100.202403111906/tools/bin/../lib/gcc/arm-none-eabi/12.3.1/../../../../arm-none-eabi/lib/thumb/v7-m/nofp/libc_nano.a(libc_a-memmove.o)
 .ARM.attributes
                0x000006d6       0x2d /Applications/STM32CubeIDE.app/Contents/Eclipse/plugins/com.st.stm32cube.ide.mcu.externaltools.gnu-tools-for-stm32.12.3.rel1.macos64_1.0.100.202403111906/tools/bin/../lib/gcc/arm-none-eabi/12.3.1/../../../../arm-none-eabi/lib/thumb/v7-m/nofp/libc_nano.a(libc_a-reent.o)
 .ARM.attributes
                0x00000703       0x2d /Applications/STM32CubeIDE.app/Contents/Eclipse/plugins/com.st.stm32cube.ide.mcu.externaltools.gnu-tools-for-stm32.12.3.rel1.macos64_1.0.100.202403111906/tools/bin/../lib/gcc/arm-none-eabi/12.3.1/../../../../arm-none-eabi/lib/thumb/v7-m/nofp/libc_nano.a(libc_a-sbrkr.o)
 .ARM.attributes
                0x00000730       0x2d /Applications/STM32CubeIDE.app/Contents/Eclipse/plugins/com.st.stm32cube.ide.mcu.externaltools.gnu-tools-for-stm32.12.3.rel1.macos64_1.0.100.202403111906/tools/bin/../lib/gcc/arm-none-eabi/12.3.1/../../../../arm-none-eabi/lib/thumb/v7-m/nofp/libc_nano.a(libc_a-memchr-stub.o)
 .ARM.attributes
                0x0000075d       0x2d /Applications/STM32CubeIDE.app/Contents/Eclipse/plugins/com.st.stm32cube.ide.mcu.externaltools.gnu-tools-for-stm32.12.3.rel1.macos64_1.0.100.202403111906/tools/bin/../lib/gcc/arm-none-eabi/12.3.1/../../../../arm-none-eabi/lib/thumb/v7-m/nofp/libc_nano.a(libc_a-memcpy-stub.o)
 .ARM.attributes
                0x0000078a       0x2d /Applications/STM32CubeIDE.app/Contents/Eclipse/plugins/com.st.stm32cube.ide.mcu.externaltools.gnu-tools-for-stm32.12.3.rel1.macos64_1.0.100.202403111906/tools/bin/../lib/gcc/arm-none-eabi/12.3.1/../../../../arm-none-eabi/lib/thumb/v7-m/nofp/libc_nano.a(libc_a-freer.o)
 .ARM.attributes
                0x000007b7       0x2d /Applications/STM32CubeIDE.app/Contents/Eclipse/plugins/com.st.stm32cube.ide.mcu.externaltools.gnu-tools-for-stm32.12.3.rel1.macos64_1.0.100.202403111906/tools/bin/../lib/gcc/arm-none-eabi/12.3.1/../../../../arm-none-eabi/lib/thumb/v7-m/nofp/libc_nano.a(libc_a-msizer.o)
 .ARM.attributes
                0x000007e4       0x1d /Applications/STM32CubeIDE.app/Contents/Eclipse/plugins/com.st.stm32cube.ide.mcu.externaltools.gnu-tools-for-stm32.12.3.rel1.macos64_1.0.100.202403111906/tools/bin/../lib/gcc/arm-none-eabi/12.3.1/thumb/v7-m/nofp/crtn.o
OUTPUT(stm32-iot-template.elf elf32-littlearm)
LOAD linker stubs
LOAD /Applications/STM32CubeIDE.app/Contents/Eclipse/plugins/com.st.stm32cube.ide.mcu.externaltools.gnu-tools-for-stm32.12.3.rel1.macos64_1.0.100.202403111906/tools/bin/../lib/gcc/arm-none-eabi/12.3.1/../../../../arm-none-eabi/lib/thumb/v7-m/nofp/libc.a
LOAD /Applications/STM32CubeIDE.app/Contents/Eclipse/plugins/com.st.stm32cube.ide.mcu.externaltools.gnu-tools-for-stm32.12.3.rel1.macos64_1.0.100.202403111906/tools/bin/../lib/gcc/arm-none-eabi/12.3.1/../../../../arm-none-eabi/lib/thumb/v7-m/nofp/libm.a
LOAD /Applications/STM32CubeIDE.app/Contents/Eclipse/plugins/com.st.stm32cube.ide.mcu.externaltools.gnu-tools-for-stm32.12.3.rel1.macos64_1.0.100.202403111906/tools/bin/../lib/gcc/arm-none-eabi/12.3.1/thumb/v7-m/nofp/libgcc.a

.debug_info     0x00000000    0x1305e
 .debug_info    0x00000000      0x70d ./Core/Src/CANBus.o
 .debug_info    0x0000070d      0x7de ./Core/Src/EEPROM.o
 .debug_info    0x00000eeb      0x72a ./Core/Src/ESP8266.o
 .debug_info    0x00001615       0xeb ./Core/Src/Globals.o
 .debug_info    0x00001700      0x962 ./Core/Src/LCD.o
 .debug_info    0x00002062      0xb26 ./Core/Src/OTA.o
 .debug_info    0x00002b88     0x156e ./Core/Src/main.o
 .debug_info    0x000040f6     0x150b ./Core/Src/stm32f1xx_hal_msp.o
 .debug_info    0x00005601      0x94c ./Core/Src/stm32f1xx_it.o
 .debug_info    0x00005f4d      0x168 ./Core/Src/sysmem.o
 .debug_info    0x000060b5      0x222 ./Core/Src/system_stm32f1xx.o
 .debug_info    0x000062d7       0x30 ./Core/Startup/startup_stm32f103rctx.o
 .debug_info    0x00006307      0x76a ./Drivers/STM32F1xx_HAL_Driver/Src/stm32f1xx_hal.o
 .debug_info    0x00006a71      0xf23 ./Drivers/STM32F1xx_HAL_Driver/Src/stm32f1xx_hal_can.o
 .debug_info    0x00007994      0xaed ./Drivers/STM32F1xx_HAL_Driver/Src/stm32f1xx_hal_cortex.o
 .debug_info    0x00008481      0x6d2 ./Drivers/STM32F1xx_HAL_Driver/Src/stm32f1xx_hal_dma.o
 .debug_info    0x00008b53      0x4f8 ./Drivers/STM32F1xx_HAL_Driver/Src/stm32f1xx_hal_flash.o
 .debug_info    0x0000904b      0x5ab ./Drivers/STM32F1xx_HAL_Driver/Src/stm32f1xx_hal_gpio.o
 .debug_info    0x000095f6     0x2515 ./Drivers/STM32F1xx_HAL_Driver/Src/stm32f1xx_hal_i2c.o
 .debug_info    0x0000bb0b      0x7d5 ./Drivers/STM32F1xx_HAL_Driver/Src/stm32f1xx_hal_rcc.o
 .debug_info    0x0000c2e0     0x293b ./Drivers/STM32F1xx_HAL_Driver/Src/stm32f1xx_hal_tim.o
 .debug_info    0x0000ec1b     0x149b ./Drivers/STM32F1xx_HAL_Driver/Src/stm32f1xx_hal_tim_ex.o
 .debug_info    0x000100b6     0x2fa8 ./Drivers/STM32F1xx_HAL_Driver/Src/stm32f1xx_hal_uart.o

.debug_abbrev   0x00000000     0x2d90
 .debug_abbrev  0x00000000      0x1d0 ./Core/Src/CANBus.o
 .debug_abbrev  0x000001d0      0x184 ./Core/Src/EEPROM.o
 .debug_abbrev  0x00000354      0x1af ./Core/Src/ESP8266.o
 .debug_abbrev  0x00000503       0x6e ./Core/Src/Globals.o
 .debug_abbrev  0x00000571      0x20e ./Core/Src/LCD.o
 .debug_abbrev  0x0000077f      0x220 ./Core/Src/OTA.o
 .debug_abbrev  0x0000099f      0x32e ./Core/Src/main.o
 .debug_abbrev  0x00000ccd      0x251 ./Core/Src/stm32f1xx_hal_msp.o
 .debug_abbrev  0x00000f1e      0x19b ./Core/Src/stm32f1xx_it.o
 .debug_abbrev  0x000010b9       0xbc ./Core/Src/sysmem.o
 .debug_abbrev  0x00001175      0x13f ./Core/Src/system_stm32f1xx.o
 .debug_abbrev  0x000012b4       0x24 ./Core/Startup/startup_stm32f103rctx.o
 .debug_abbrev  0x000012d8      0x201 ./Drivers/STM32F1xx_HAL_Driver/Src/stm32f1xx_hal.o
 .debug_abbrev  0x000014d9      0x253 ./Drivers/STM32F1xx_HAL_Driver/Src/stm32f1xx_hal_can.o
 .debug_abbrev  0x0000172c      0x2f8 ./Drivers/STM32F1xx_HAL_Driver/Src/stm32f1xx_hal_cortex.o
 .debug_abbrev  0x00001a24      0x20b ./Drivers/STM32F1xx_HAL_Driver/Src/stm32f1xx_hal_dma.o
 .debug_abbrev  0x00001c2f      0x250 ./Drivers/STM32F1xx_HAL_Driver/Src/stm32f1xx_hal_flash.o
 .debug_abbrev  0x00001e7f      0x1ca ./Drivers/STM32F1xx_HAL_Driver/Src/stm32f1xx_hal_gpio.o
 .debug_abbrev  0x00002049      0x2a3 ./Drivers/STM32F1xx_HAL_Driver/Src/stm32f1xx_hal_i2c.o
 .debug_abbrev  0x000022ec      0x2b3 ./Drivers/STM32F1xx_HAL_Driver/Src/stm32f1xx_hal_rcc.o
 .debug_abbrev  0x0000259f      0x277 ./Drivers/STM32F1xx_HAL_Driver/Src/stm32f1xx_hal_tim.o
 .debug_abbrev  0x00002816      0x282 ./Drivers/STM32F1xx_HAL_Driver/Src/stm32f1xx_hal_tim_ex.o
 .debug_abbrev  0x00002a98      0x2f8 ./Drivers/STM32F1xx_HAL_Driver/Src/stm32f1xx_hal_uart.o

.debug_aranges  0x00000000     0x1208
 .debug_aranges
                0x00000000       0x30 ./Core/Src/CANBus.o
 .debug_aranges
                0x00000030       0x40 ./Core/Src/EEPROM.o
 .debug_aranges
                0x00000070       0x30 ./Core/Src/ESP8266.o
 .debug_aranges
                0x000000a0       0x18 ./Core/Src/Globals.o
 .debug_aranges
                0x000000b8       0x90 ./Core/Src/LCD.o
 .debug_aranges
                0x00000148       0x28 ./Core/Src/OTA.o
 .debug_aranges
                0x00000170       0x68 ./Core/Src/main.o
 .debug_aranges
                0x000001d8       0x60 ./Core/Src/stm32f1xx_hal_msp.o
 .debug_aranges
                0x00000238       0x70 ./Core/Src/stm32f1xx_it.o
 .debug_aranges
                0x000002a8       0x20 ./Core/Src/sysmem.o
 .debug_aranges
                0x000002c8       0x28 ./Core/Src/system_stm32f1xx.o
 .debug_aranges
                0x000002f0       0x28 ./Core/Startup/startup_stm32f103rctx.o
 .debug_aranges
                0x00000318       0xe0 ./Drivers/STM32F1xx_HAL_Driver/Src/stm32f1xx_hal.o
 .debug_aranges
                0x000003f8      0x138 ./Drivers/STM32F1xx_HAL_Driver/Src/stm32f1xx_hal_can.o
 .debug_aranges
                0x00000530      0x100 ./Drivers/STM32F1xx_HAL_Driver/Src/stm32f1xx_hal_cortex.o
 .debug_aranges
                0x00000630       0x80 ./Drivers/STM32F1xx_HAL_Driver/Src/stm32f1xx_hal_dma.o
 .debug_aranges
                0x000006b0       0x88 ./Drivers/STM32F1xx_HAL_Driver/Src/stm32f1xx_hal_flash.o
 .debug_aranges
                0x00000738       0x58 ./Drivers/STM32F1xx_HAL_Driver/Src/stm32f1xx_hal_gpio.o
 .debug_aranges
                0x00000790      0x2a8 ./Drivers/STM32F1xx_HAL_Driver/Src/stm32f1xx_hal_i2c.o
 .debug_aranges
                0x00000a38       0x90 ./Drivers/STM32F1xx_HAL_Driver/Src/stm32f1xx_hal_rcc.o
 .debug_aranges
                0x00000ac8      0x3d0 ./Drivers/STM32F1xx_HAL_Driver/Src/stm32f1xx_hal_tim.o
 .debug_aranges
                0x00000e98      0x168 ./Drivers/STM32F1xx_HAL_Driver/Src/stm32f1xx_hal_tim_ex.o
 .debug_aranges
                0x00001000      0x208 ./Drivers/STM32F1xx_HAL_Driver/Src/stm32f1xx_hal_uart.o

.debug_rnglists
                0x00000000      0xe16
 .debug_rnglists
                0x00000000       0x1f ./Core/Src/CANBus.o
 .debug_rnglists
                0x0000001f       0x2b ./Core/Src/EEPROM.o
 .debug_rnglists
                0x0000004a       0x1f ./Core/Src/ESP8266.o
 .debug_rnglists
                0x00000069       0x6a ./Core/Src/LCD.o
 .debug_rnglists
                0x000000d3       0x26 ./Core/Src/OTA.o
 .debug_rnglists
                0x000000f9       0x4b ./Core/Src/main.o
 .debug_rnglists
                0x00000144       0x45 ./Core/Src/stm32f1xx_hal_msp.o
 .debug_rnglists
                0x00000189       0x4f ./Core/Src/stm32f1xx_it.o
 .debug_rnglists
                0x000001d8       0x13 ./Core/Src/sysmem.o
 .debug_rnglists
                0x000001eb       0x1a ./Core/Src/system_stm32f1xx.o
 .debug_rnglists
                0x00000205       0x19 ./Core/Startup/startup_stm32f103rctx.o
 .debug_rnglists
                0x0000021e       0xa3 ./Drivers/STM32F1xx_HAL_Driver/Src/stm32f1xx_hal.o
 .debug_rnglists
                0x000002c1       0xee ./Drivers/STM32F1xx_HAL_Driver/Src/stm32f1xx_hal_can.o
 .debug_rnglists
                0x000003af       0xbb ./Drivers/STM32F1xx_HAL_Driver/Src/stm32f1xx_hal_cortex.o
 .debug_rnglists
                0x0000046a       0x64 ./Drivers/STM32F1xx_HAL_Driver/Src/stm32f1xx_hal_dma.o
 .debug_rnglists
                0x000004ce       0x66 ./Drivers/STM32F1xx_HAL_Driver/Src/stm32f1xx_hal_flash.o
 .debug_rnglists
                0x00000534       0x3f ./Drivers/STM32F1xx_HAL_Driver/Src/stm32f1xx_hal_gpio.o
 .debug_rnglists
                0x00000573      0x23c ./Drivers/STM32F1xx_HAL_Driver/Src/stm32f1xx_hal_i2c.o
 .debug_rnglists
                0x000007af       0x6c ./Drivers/STM32F1xx_HAL_Driver/Src/stm32f1xx_hal_rcc.o
 .debug_rnglists
                0x0000081b      0x31a ./Drivers/STM32F1xx_HAL_Driver/Src/stm32f1xx_hal_tim.o
 .debug_rnglists
                0x00000b35      0x125 ./Drivers/STM32F1xx_HAL_Driver/Src/stm32f1xx_hal_tim_ex.o
 .debug_rnglists
                0x00000c5a      0x1bc ./Drivers/STM32F1xx_HAL_Driver/Src/stm32f1xx_hal_uart.o

.debug_macro    0x00000000    0x1b1dd
 .debug_macro   0x00000000      0x1c1 ./Core/Src/CANBus.o
 .debug_macro   0x000001c1      0xaa8 ./Core/Src/CANBus.o
 .debug_macro   0x00000c69      0x227 ./Core/Src/CANBus.o
 .debug_macro   0x00000e90       0x2e ./Core/Src/CANBus.o
 .debug_macro   0x00000ebe       0x22 ./Core/Src/CANBus.o
 .debug_macro   0x00000ee0       0x22 ./Core/Src/CANBus.o
 .debug_macro   0x00000f02       0x8e ./Core/Src/CANBus.o
 .debug_macro   0x00000f90       0x51 ./Core/Src/CANBus.o
 .debug_macro   0x00000fe1      0x103 ./Core/Src/CANBus.o
 .debug_macro   0x000010e4       0x6a ./Core/Src/CANBus.o
 .debug_macro   0x0000114e      0x1df ./Core/Src/CANBus.o
 .debug_macro   0x0000132d       0x1c ./Core/Src/CANBus.o
 .debug_macro   0x00001349       0x22 ./Core/Src/CANBus.o
 .debug_macro   0x0000136b       0xbd ./Core/Src/CANBus.o
 .debug_macro   0x00001428      0xd23 ./Core/Src/CANBus.o
 .debug_macro   0x0000214b     0xfd8c ./Core/Src/CANBus.o
 .debug_macro   0x00011ed7       0x6d ./Core/Src/CANBus.o
 .debug_macro   0x00011f44     0x348d ./Core/Src/CANBus.o
 .debug_macro   0x000153d1      0x189 ./Core/Src/CANBus.o
 .debug_macro   0x0001555a       0x5c ./Core/Src/CANBus.o
 .debug_macro   0x000155b6      0x5bc ./Core/Src/CANBus.o
 .debug_macro   0x00015b72      0x4d5 ./Core/Src/CANBus.o
 .debug_macro   0x00016047      0x1cb ./Core/Src/CANBus.o
 .debug_macro   0x00016212      0x114 ./Core/Src/CANBus.o
 .debug_macro   0x00016326      0x1ea ./Core/Src/CANBus.o
 .debug_macro   0x00016510       0x27 ./Core/Src/CANBus.o
 .debug_macro   0x00016537      0x144 ./Core/Src/CANBus.o
 .debug_macro   0x0001667b      0x1bc ./Core/Src/CANBus.o
 .debug_macro   0x00016837       0x30 ./Core/Src/CANBus.o
 .debug_macro   0x00016867       0x3c ./Core/Src/CANBus.o
 .debug_macro   0x000168a3      0x408 ./Core/Src/CANBus.o
 .debug_macro   0x00016cab       0x57 ./Core/Src/CANBus.o
 .debug_macro   0x00016d02       0x87 ./Core/Src/CANBus.o
 .debug_macro   0x00016d89      0x24f ./Core/Src/CANBus.o
 .debug_macro   0x00016fd8      0x287 ./Core/Src/CANBus.o
 .debug_macro   0x0001725f      0x140 ./Core/Src/CANBus.o
 .debug_macro   0x0001739f      0x8ed ./Core/Src/CANBus.o
 .debug_macro   0x00017c8c      0x28e ./Core/Src/CANBus.o
 .debug_macro   0x00017f1a       0xb5 ./Core/Src/CANBus.o
 .debug_macro   0x00017fcf      0x1c1 ./Core/Src/EEPROM.o
 .debug_macro   0x00018190      0x28f ./Core/Src/ESP8266.o
 .debug_macro   0x0001841f       0x61 ./Core/Src/ESP8266.o
 .debug_macro   0x00018480       0x24 ./Core/Src/ESP8266.o
 .debug_macro   0x000184a4       0x43 ./Core/Src/ESP8266.o
 .debug_macro   0x000184e7       0x34 ./Core/Src/ESP8266.o
 .debug_macro   0x0001851b       0x16 ./Core/Src/ESP8266.o
 .debug_macro   0x00018531       0x43 ./Core/Src/ESP8266.o
 .debug_macro   0x00018574       0x34 ./Core/Src/ESP8266.o
 .debug_macro   0x000185a8       0x10 ./Core/Src/ESP8266.o
 .debug_macro   0x000185b8       0x58 ./Core/Src/ESP8266.o
 .debug_macro   0x00018610       0x8e ./Core/Src/ESP8266.o
 .debug_macro   0x0001869e       0x1c ./Core/Src/ESP8266.o
 .debug_macro   0x000186ba      0x177 ./Core/Src/ESP8266.o
 .debug_macro   0x00018831      0x369 ./Core/Src/ESP8266.o
 .debug_macro   0x00018b9a       0x10 ./Core/Src/ESP8266.o
 .debug_macro   0x00018baa       0x35 ./Core/Src/ESP8266.o
 .debug_macro   0x00018bdf       0x20 ./Core/Src/ESP8266.o
 .debug_macro   0x00018bff       0x6d ./Core/Src/Globals.o
 .debug_macro   0x00018c6c      0x1cc ./Core/Src/LCD.o
 .debug_macro   0x00018e38       0x16 ./Core/Src/LCD.o
 .debug_macro   0x00018e4e      0x32a ./Core/Src/OTA.o
 .debug_macro   0x00019178       0x1c ./Core/Src/OTA.o
 .debug_macro   0x00019194       0x16 ./Core/Src/OTA.o
 .debug_macro   0x000191aa       0x16 ./Core/Src/OTA.o
 .debug_macro   0x000191c0       0x29 ./Core/Src/OTA.o
 .debug_macro   0x000191e9       0x1c ./Core/Src/OTA.o
 .debug_macro   0x00019205       0x10 ./Core/Src/OTA.o
 .debug_macro   0x00019215       0x1c ./Core/Src/OTA.o
 .debug_macro   0x00019231       0x16 ./Core/Src/OTA.o
 .debug_macro   0x00019247      0x146 ./Core/Src/OTA.o
 .debug_macro   0x0001938d      0x1fc ./Core/Src/main.o
 .debug_macro   0x00019589      0x1c1 ./Core/Src/stm32f1xx_hal_msp.o
 .debug_macro   0x0001974a      0x1cb ./Core/Src/stm32f1xx_it.o
 .debug_macro   0x00019915       0xff ./Core/Src/sysmem.o
 .debug_macro   0x00019a14      0x23c ./Core/Src/sysmem.o
 .debug_macro   0x00019c50      0x1b7 ./Core/Src/system_stm32f1xx.o
 .debug_macro   0x00019e07      0x1db ./Drivers/STM32F1xx_HAL_Driver/Src/stm32f1xx_hal.o
 .debug_macro   0x00019fe2      0x1bf ./Drivers/STM32F1xx_HAL_Driver/Src/stm32f1xx_hal_can.o
 .debug_macro   0x0001a1a1      0x1b7 ./Drivers/STM32F1xx_HAL_Driver/Src/stm32f1xx_hal_cortex.o
 .debug_macro   0x0001a358      0x1b7 ./Drivers/STM32F1xx_HAL_Driver/Src/stm32f1xx_hal_dma.o
 .debug_macro   0x0001a50f      0x1b7 ./Drivers/STM32F1xx_HAL_Driver/Src/stm32f1xx_hal_flash.o
 .debug_macro   0x0001a6c6      0x222 ./Drivers/STM32F1xx_HAL_Driver/Src/stm32f1xx_hal_gpio.o
 .debug_macro   0x0001a8e8      0x205 ./Drivers/STM32F1xx_HAL_Driver/Src/stm32f1xx_hal_i2c.o
 .debug_macro   0x0001aaed      0x1c9 ./Drivers/STM32F1xx_HAL_Driver/Src/stm32f1xx_hal_rcc.o
 .debug_macro   0x0001acb6      0x1b8 ./Drivers/STM32F1xx_HAL_Driver/Src/stm32f1xx_hal_tim.o
 .debug_macro   0x0001ae6e      0x1b7 ./Drivers/STM32F1xx_HAL_Driver/Src/stm32f1xx_hal_tim_ex.o
 .debug_macro   0x0001b025      0x1b8 ./Drivers/STM32F1xx_HAL_Driver/Src/stm32f1xx_hal_uart.o

.debug_line     0x00000000    0x161e4
 .debug_line    0x00000000      0x70d ./Core/Src/CANBus.o
 .debug_line    0x0000070d      0x73a ./Core/Src/EEPROM.o
 .debug_line    0x00000e47      0x871 ./Core/Src/ESP8266.o
 .debug_line    0x000016b8      0x3ab ./Core/Src/Globals.o
 .debug_line    0x00001a63      0x9ae ./Core/Src/LCD.o
 .debug_line    0x00002411      0x915 ./Core/Src/OTA.o
 .debug_line    0x00002d26      0x8ee ./Core/Src/main.o
 .debug_line    0x00003614      0x7f6 ./Core/Src/stm32f1xx_hal_msp.o
 .debug_line    0x00003e0a      0x7ba ./Core/Src/stm32f1xx_it.o
 .debug_line    0x000045c4      0x51c ./Core/Src/sysmem.o
 .debug_line    0x00004ae0      0x746 ./Core/Src/system_stm32f1xx.o
 .debug_line    0x00005226       0x79 ./Core/Startup/startup_stm32f103rctx.o
 .debug_line    0x0000529f      0x973 ./Drivers/STM32F1xx_HAL_Driver/Src/stm32f1xx_hal.o
 .debug_line    0x00005c12     0x1158 ./Drivers/STM32F1xx_HAL_Driver/Src/stm32f1xx_hal_can.o
 .debug_line    0x00006d6a      0xb5f ./Drivers/STM32F1xx_HAL_Driver/Src/stm32f1xx_hal_cortex.o
 .debug_line    0x000078c9     0x129e ./Drivers/STM32F1xx_HAL_Driver/Src/stm32f1xx_hal_dma.o
 .debug_line    0x00008b67      0xa5c ./Drivers/STM32F1xx_HAL_Driver/Src/stm32f1xx_hal_flash.o
 .debug_line    0x000095c3      0xa34 ./Drivers/STM32F1xx_HAL_Driver/Src/stm32f1xx_hal_gpio.o
 .debug_line    0x00009ff7     0x3be0 ./Drivers/STM32F1xx_HAL_Driver/Src/stm32f1xx_hal_i2c.o
 .debug_line    0x0000dbd7      0xd7c ./Drivers/STM32F1xx_HAL_Driver/Src/stm32f1xx_hal_rcc.o
 .debug_line    0x0000e953     0x369d ./Drivers/STM32F1xx_HAL_Driver/Src/stm32f1xx_hal_tim.o
 .debug_line    0x00011ff0     0x1938 ./Drivers/STM32F1xx_HAL_Driver/Src/stm32f1xx_hal_tim_ex.o
 .debug_line    0x00013928     0x28bc ./Drivers/STM32F1xx_HAL_Driver/Src/stm32f1xx_hal_uart.o

.debug_str      0x00000000    0x9df38
 .debug_str     0x00000000    0x95329 ./Core/Src/CANBus.o
                              0x95780 (size before relaxing)
 .debug_str     0x00095329      0x48e ./Core/Src/EEPROM.o
                              0x958f6 (size before relaxing)
 .debug_str     0x000957b7     0x340d ./Core/Src/ESP8266.o
                              0x989f9 (size before relaxing)
 .debug_str     0x00098bc4       0xaf ./Core/Src/Globals.o
                               0x3d2b (size before relaxing)
 .debug_str     0x00098c73      0x192 ./Core/Src/LCD.o
                              0x959c0 (size before relaxing)
 .debug_str     0x00098e05      0x7f7 ./Core/Src/OTA.o
                              0x9951c (size before relaxing)
 .debug_str     0x000995fc      0x622 ./Core/Src/main.o
                              0x964b5 (size before relaxing)
 .debug_str     0x00099c1e      0x48b ./Core/Src/stm32f1xx_hal_msp.o
                              0x964cd (size before relaxing)
 .debug_str     0x0009a0a9      0x102 ./Core/Src/stm32f1xx_it.o
                              0x95b6d (size before relaxing)
 .debug_str     0x0009a1ab      0x4dc ./Core/Src/sysmem.o
                               0x6082 (size before relaxing)
 .debug_str     0x0009a687       0x7e ./Core/Src/system_stm32f1xx.o
                              0x9543f (size before relaxing)
 .debug_str     0x0009a705       0x44 ./Core/Startup/startup_stm32f103rctx.o
                                 0x8d (size before relaxing)
 .debug_str     0x0009a749      0x379 ./Drivers/STM32F1xx_HAL_Driver/Src/stm32f1xx_hal.o
                              0x95c56 (size before relaxing)
 .debug_str     0x0009aac2      0x4de ./Drivers/STM32F1xx_HAL_Driver/Src/stm32f1xx_hal_can.o
                              0x95c3f (size before relaxing)
 .debug_str     0x0009afa0      0x26c ./Drivers/STM32F1xx_HAL_Driver/Src/stm32f1xx_hal_cortex.o
                              0x95ba2 (size before relaxing)
 .debug_str     0x0009b20c      0x235 ./Drivers/STM32F1xx_HAL_Driver/Src/stm32f1xx_hal_dma.o
                              0x957e8 (size before relaxing)
 .debug_str     0x0009b441      0x259 ./Drivers/STM32F1xx_HAL_Driver/Src/stm32f1xx_hal_flash.o
                              0x9571a (size before relaxing)
 .debug_str     0x0009b69a      0x31d ./Drivers/STM32F1xx_HAL_Driver/Src/stm32f1xx_hal_gpio.o
                              0x957c5 (size before relaxing)
 .debug_str     0x0009b9b7      0xb45 ./Drivers/STM32F1xx_HAL_Driver/Src/stm32f1xx_hal_i2c.o
                              0x96506 (size before relaxing)
 .debug_str     0x0009c4fc      0x209 ./Drivers/STM32F1xx_HAL_Driver/Src/stm32f1xx_hal_rcc.o
                              0x9586e (size before relaxing)
 .debug_str     0x0009c705      0xdd6 ./Drivers/STM32F1xx_HAL_Driver/Src/stm32f1xx_hal_tim.o
                              0x96860 (size before relaxing)
 .debug_str     0x0009d4db      0x493 ./Drivers/STM32F1xx_HAL_Driver/Src/stm32f1xx_hal_tim_ex.o
                              0x9607c (size before relaxing)
 .debug_str     0x0009d96e      0x5ca ./Drivers/STM32F1xx_HAL_Driver/Src/stm32f1xx_hal_uart.o
                              0x95edf (size before relaxing)

.comment        0x00000000       0x43
 .comment       0x00000000       0x43 ./Core/Src/CANBus.o
                                 0x44 (size before relaxing)
 .comment       0x00000043       0x44 ./Core/Src/EEPROM.o
 .comment       0x00000043       0x44 ./Core/Src/ESP8266.o
 .comment       0x00000043       0x44 ./Core/Src/Globals.o
 .comment       0x00000043       0x44 ./Core/Src/LCD.o
 .comment       0x00000043       0x44 ./Core/Src/OTA.o
 .comment       0x00000043       0x44 ./Core/Src/main.o
 .comment       0x00000043       0x44 ./Core/Src/stm32f1xx_hal_msp.o
 .comment       0x00000043       0x44 ./Core/Src/stm32f1xx_it.o
 .comment       0x00000043       0x44 ./Core/Src/sysmem.o
 .comment       0x00000043       0x44 ./Core/Src/system_stm32f1xx.o
 .comment       0x00000043       0x44 ./Drivers/STM32F1xx_HAL_Driver/Src/stm32f1xx_hal.o
 .comment       0x00000043       0x44 ./Drivers/STM32F1xx_HAL_Driver/Src/stm32f1xx_hal_can.o
 .comment       0x00000043       0x44 ./Drivers/STM32F1xx_HAL_Driver/Src/stm32f1xx_hal_cortex.o
 .comment       0x00000043       0x44 ./Drivers/STM32F1xx_HAL_Driver/Src/stm32f1xx_hal_dma.o
 .comment       0x00000043       0x44 ./Drivers/STM32F1xx_HAL_Driver/Src/stm32f1xx_hal_flash.o
 .comment       0x00000043       0x44 ./Drivers/STM32F1xx_HAL_Driver/Src/stm32f1xx_hal_gpio.o
 .comment       0x00000043       0x44 ./Drivers/STM32F1xx_HAL_Driver/Src/stm32f1xx_hal_i2c.o
 .comment       0x00000043       0x44 ./Drivers/STM32F1xx_HAL_Driver/Src/stm32f1xx_hal_rcc.o
 .comment       0x00000043       0x44 ./Drivers/STM32F1xx_HAL_Driver/Src/stm32f1xx_hal_tim.o
 .comment       0x00000043       0x44 ./Drivers/STM32F1xx_HAL_Driver/Src/stm32f1xx_hal_tim_ex.o
 .comment       0x00000043       0x44 ./Drivers/STM32F1xx_HAL_Driver/Src/stm32f1xx_hal_uart.o

.debug_frame    0x00000000     0x50c0
 .debug_frame   0x00000000       0x7c ./Core/Src/CANBus.o
 .debug_frame   0x0000007c       0xc8 ./Core/Src/EEPROM.o
 .debug_frame   0x00000144       0x80 ./Core/Src/ESP8266.o
 .debug_frame   0x000001c4      0x218 ./Core/Src/LCD.o
 .debug_frame   0x000003dc       0x60 ./Core/Src/OTA.o
 .debug_frame   0x0000043c      0x148 ./Core/Src/main.o
 .debug_frame   0x00000584      0x158 ./Core/Src/stm32f1xx_hal_msp.o
 .debug_frame   0x000006dc      0x13c ./Core/Src/stm32f1xx_it.o
 .debug_frame   0x00000818       0x34 ./Core/Src/sysmem.o
 .debug_frame   0x0000084c       0x58 ./Core/Src/system_stm32f1xx.o
 .debug_frame   0x000008a4      0x334 ./Drivers/STM32F1xx_HAL_Driver/Src/stm32f1xx_hal.o
 .debug_frame   0x00000bd8      0x5a0 ./Drivers/STM32F1xx_HAL_Driver/Src/stm32f1xx_hal_can.o
 .debug_frame   0x00001178      0x428 ./Drivers/STM32F1xx_HAL_Driver/Src/stm32f1xx_hal_cortex.o
 .debug_frame   0x000015a0      0x20c ./Drivers/STM32F1xx_HAL_Driver/Src/stm32f1xx_hal_dma.o
 .debug_frame   0x000017ac      0x20c ./Drivers/STM32F1xx_HAL_Driver/Src/stm32f1xx_hal_flash.o
 .debug_frame   0x000019b8      0x14c ./Drivers/STM32F1xx_HAL_Driver/Src/stm32f1xx_hal_gpio.o
 .debug_frame   0x00001b04      0xc84 ./Drivers/STM32F1xx_HAL_Driver/Src/stm32f1xx_hal_i2c.o
 .debug_frame   0x00002788      0x218 ./Drivers/STM32F1xx_HAL_Driver/Src/stm32f1xx_hal_rcc.o
 .debug_frame   0x000029a0     0x11bc ./Drivers/STM32F1xx_HAL_Driver/Src/stm32f1xx_hal_tim.o
 .debug_frame   0x00003b5c      0x638 ./Drivers/STM32F1xx_HAL_Driver/Src/stm32f1xx_hal_tim_ex.o
 .debug_frame   0x00004194      0x944 ./Drivers/STM32F1xx_HAL_Driver/Src/stm32f1xx_hal_uart.o
 .debug_frame   0x00004ad8       0x7c /Applications/STM32CubeIDE.app/Contents/Eclipse/plugins/com.st.stm32cube.ide.mcu.externaltools.gnu-tools-for-stm32.12.3.rel1.macos64_1.0.100.202403111906/tools/bin/../lib/gcc/arm-none-eabi/12.3.1/../../../../arm-none-eabi/lib/thumb/v7-m/nofp/libc_nano.a(libc_a-snprintf.o)
 .debug_frame   0x00004b54      0x144 /Applications/STM32CubeIDE.app/Contents/Eclipse/plugins/com.st.stm32cube.ide.mcu.externaltools.gnu-tools-for-stm32.12.3.rel1.macos64_1.0.100.202403111906/tools/bin/../lib/gcc/arm-none-eabi/12.3.1/../../../../arm-none-eabi/lib/thumb/v7-m/nofp/libc_nano.a(libc_a-findfp.o)
 .debug_frame   0x00004c98       0x2c /Applications/STM32CubeIDE.app/Contents/Eclipse/plugins/com.st.stm32cube.ide.mcu.externaltools.gnu-tools-for-stm32.12.3.rel1.macos64_1.0.100.202403111906/tools/bin/../lib/gcc/arm-none-eabi/12.3.1/../../../../arm-none-eabi/lib/thumb/v7-m/nofp/libc_nano.a(libc_a-strstr.o)
 .debug_frame   0x00004cc4       0x20 /Applications/STM32CubeIDE.app/Contents/Eclipse/plugins/com.st.stm32cube.ide.mcu.externaltools.gnu-tools-for-stm32.12.3.rel1.macos64_1.0.100.202403111906/tools/bin/../lib/gcc/arm-none-eabi/12.3.1/../../../../arm-none-eabi/lib/thumb/v7-m/nofp/libc_nano.a(libc_a-memset.o)
 .debug_frame   0x00004ce4       0x20 /Applications/STM32CubeIDE.app/Contents/Eclipse/plugins/com.st.stm32cube.ide.mcu.externaltools.gnu-tools-for-stm32.12.3.rel1.macos64_1.0.100.202403111906/tools/bin/../lib/gcc/arm-none-eabi/12.3.1/../../../../arm-none-eabi/lib/thumb/v7-m/nofp/libc_nano.a(libc_a-errno.o)
 .debug_frame   0x00004d04       0x2c /Applications/STM32CubeIDE.app/Contents/Eclipse/plugins/com.st.stm32cube.ide.mcu.externaltools.gnu-tools-for-stm32.12.3.rel1.macos64_1.0.100.202403111906/tools/bin/../lib/gcc/arm-none-eabi/12.3.1/../../../../arm-none-eabi/lib/thumb/v7-m/nofp/libc_nano.a(libc_a-init.o)
 .debug_frame   0x00004d30       0xb0 /Applications/STM32CubeIDE.app/Contents/Eclipse/plugins/com.st.stm32cube.ide.mcu.externaltools.gnu-tools-for-stm32.12.3.rel1.macos64_1.0.100.202403111906/tools/bin/../lib/gcc/arm-none-eabi/12.3.1/../../../../arm-none-eabi/lib/thumb/v7-m/nofp/libc_nano.a(libc_a-lock.o)
 .debug_frame   0x00004de0       0x90 /Applications/STM32CubeIDE.app/Contents/Eclipse/plugins/com.st.stm32cube.ide.mcu.externaltools.gnu-tools-for-stm32.12.3.rel1.macos64_1.0.100.202403111906/tools/bin/../lib/gcc/arm-none-eabi/12.3.1/../../../../arm-none-eabi/lib/thumb/v7-m/nofp/libc_nano.a(libc_a-nano-svfprintf.o)
 .debug_frame   0x00004e70       0x50 /Applications/STM32CubeIDE.app/Contents/Eclipse/plugins/com.st.stm32cube.ide.mcu.externaltools.gnu-tools-for-stm32.12.3.rel1.macos64_1.0.100.202403111906/tools/bin/../lib/gcc/arm-none-eabi/12.3.1/../../../../arm-none-eabi/lib/thumb/v7-m/nofp/libc_nano.a(libc_a-mallocr.o)
 .debug_frame   0x00004ec0       0x60 /Applications/STM32CubeIDE.app/Contents/Eclipse/plugins/com.st.stm32cube.ide.mcu.externaltools.gnu-tools-for-stm32.12.3.rel1.macos64_1.0.100.202403111906/tools/bin/../lib/gcc/arm-none-eabi/12.3.1/../../../../arm-none-eabi/lib/thumb/v7-m/nofp/libc_nano.a(libc_a-nano-vfprintf_i.o)
 .debug_frame   0x00004f20       0x30 /Applications/STM32CubeIDE.app/Contents/Eclipse/plugins/com.st.stm32cube.ide.mcu.externaltools.gnu-tools-for-stm32.12.3.rel1.macos64_1.0.100.202403111906/tools/bin/../lib/gcc/arm-none-eabi/12.3.1/../../../../arm-none-eabi/lib/thumb/v7-m/nofp/libc_nano.a(libc_a-mlock.o)
 .debug_frame   0x00004f50       0x3c /Applications/STM32CubeIDE.app/Contents/Eclipse/plugins/com.st.stm32cube.ide.mcu.externaltools.gnu-tools-for-stm32.12.3.rel1.macos64_1.0.100.202403111906/tools/bin/../lib/gcc/arm-none-eabi/12.3.1/../../../../arm-none-eabi/lib/thumb/v7-m/nofp/libc_nano.a(libc_a-reallocr.o)
 .debug_frame   0x00004f8c       0x28 /Applications/STM32CubeIDE.app/Contents/Eclipse/plugins/com.st.stm32cube.ide.mcu.externaltools.gnu-tools-for-stm32.12.3.rel1.macos64_1.0.100.202403111906/tools/bin/../lib/gcc/arm-none-eabi/12.3.1/../../../../arm-none-eabi/lib/thumb/v7-m/nofp/libc_nano.a(libc_a-memmove.o)
 .debug_frame   0x00004fb4       0x38 /Applications/STM32CubeIDE.app/Contents/Eclipse/plugins/com.st.stm32cube.ide.mcu.externaltools.gnu-tools-for-stm32.12.3.rel1.macos64_1.0.100.202403111906/tools/bin/../lib/gcc/arm-none-eabi/12.3.1/../../../../arm-none-eabi/lib/thumb/v7-m/nofp/libc_nano.a(libc_a-reent.o)
 .debug_frame   0x00004fec       0x2c /Applications/STM32CubeIDE.app/Contents/Eclipse/plugins/com.st.stm32cube.ide.mcu.externaltools.gnu-tools-for-stm32.12.3.rel1.macos64_1.0.100.202403111906/tools/bin/../lib/gcc/arm-none-eabi/12.3.1/../../../../arm-none-eabi/lib/thumb/v7-m/nofp/libc_nano.a(libc_a-sbrkr.o)
 .debug_frame   0x00005018       0x28 /Applications/STM32CubeIDE.app/Contents/Eclipse/plugins/com.st.stm32cube.ide.mcu.externaltools.gnu-tools-for-stm32.12.3.rel1.macos64_1.0.100.202403111906/tools/bin/../lib/gcc/arm-none-eabi/12.3.1/../../../../arm-none-eabi/lib/thumb/v7-m/nofp/libc_nano.a(libc_a-memchr-stub.o)
 .debug_frame   0x00005040       0x28 /Applications/STM32CubeIDE.app/Contents/Eclipse/plugins/com.st.stm32cube.ide.mcu.externaltools.gnu-tools-for-stm32.12.3.rel1.macos64_1.0.100.202403111906/tools/bin/../lib/gcc/arm-none-eabi/12.3.1/../../../../arm-none-eabi/lib/thumb/v7-m/nofp/libc_nano.a(libc_a-memcpy-stub.o)
 .debug_frame   0x00005068       0x38 /Applications/STM32CubeIDE.app/Contents/Eclipse/plugins/com.st.stm32cube.ide.mcu.externaltools.gnu-tools-for-stm32.12.3.rel1.macos64_1.0.100.202403111906/tools/bin/../lib/gcc/arm-none-eabi/12.3.1/../../../../arm-none-eabi/lib/thumb/v7-m/nofp/libc_nano.a(libc_a-freer.o)
 .debug_frame   0x000050a0       0x20 /Applications/STM32CubeIDE.app/Contents/Eclipse/plugins/com.st.stm32cube.ide.mcu.externaltools.gnu-tools-for-stm32.12.3.rel1.macos64_1.0.100.202403111906/tools/bin/../lib/gcc/arm-none-eabi/12.3.1/../../../../arm-none-eabi/lib/thumb/v7-m/nofp/libc_nano.a(libc_a-msizer.o)

.debug_line_str
                0x00000000       0x71
 .debug_line_str
                0x00000000       0x71 ./Core/Startup/startup_stm32f103rctx.o
