../Core/Src/main.c:50:6:Bootloader_JumpToApplication	24	static,ignoring_inline_asm
../Core/Src/main.c:58:6:Bootloader_Main	8	static
../Core/Src/main.c:72:5:main	8	static
../Core/Src/main.c:137:6:SystemClock_Config	72	static
../Core/Src/main.c:177:13:MX_CAN_Init	8	static
../Core/Src/main.c:202:13:MX_I2C1_Init	8	static
../Core/Src/main.c:223:13:MX_TIM1_Init	32	static
../Core/Src/main.c:257:13:MX_USART1_UART_Init	8	static
../Core/Src/main.c:278:13:MX_GPIO_Init	24	static
../Core/Src/main.c:293:6:Error_Handler	4	static,ignoring_inline_asm
